/home/ouass/Test/t-PatchGNN/tPatchGNN/run_models.py
2025-09-01 00:30:59
run_models.py --dataset physionet --state def --history 24 --patience 10 --batch_size 32 --lr 1e-3 --patch_size 8 --stride 8 --nhead 1 --tf_layer 1 --nlayer 1 --te_dim 10 --node_dim 10 --hid_dim 64 --outlayer Linear --seed 3 --gpu 0 --quantization 1.0 --save experiments/physio_ps8_s8_linear_seed3
Namespace(state='def', n=100000000, hop=1, nhead=1, tf_layer=1, nlayer=1, epoch=1000, patience=10, history=24, patch_size=8.0, stride=8.0, logmode='a', lr=0.001, w_decay=0.0, batch_size=32, save='experiments/physio_ps8_s8_linear_seed3', load=None, seed=3, dataset='physionet', quantization=1.0, model='tPatchGNN', outlayer='Linear', hid_dim=64, te_dim=10, node_dim=10, gpu='0', npatch=3, device=device(type='cuda'), PID=2272056, ndim=41)
- Epoch 000, ExpID 74551
Train - Loss (one batch): 0.00660
Val - Loss, MSE, RMSE, MAE, MAPE: 0.00832, 0.00832, 0.09122, 0.05377, 296.69%
Test - Best epoch, Loss, MSE, RMSE, MAE, MAPE: 0, 0.00988, 0.00988, 0.09941, 0.05520, 252.93%
Time spent: 8.67s
- Epoch 001, ExpID 74551
Train - Loss (one batch): 0.00634
Val - Loss, MSE, RMSE, MAE, MAPE: 0.00760, 0.00760, 0.08720, 0.05433, 277.74%
Test - Best epoch, Loss, MSE, RMSE, MAE, MAPE: 1, 0.00887, 0.00887, 0.09420, 0.05397, 233.72%
Time spent: 7.90s
- Epoch 002, ExpID 74551
Train - Loss (one batch): 0.00742
Val - Loss, MSE, RMSE, MAE, MAPE: 0.00607, 0.00607, 0.07789, 0.04677, 120.12%
Test - Best epoch, Loss, MSE, RMSE, MAE, MAPE: 2, 0.00739, 0.00739, 0.08598, 0.04694, 105.62%
Time spent: 7.93s
- Epoch 003, ExpID 74551
Train - Loss (one batch): 0.00446
Val - Loss, MSE, RMSE, MAE, MAPE: 0.00576, 0.00576, 0.07586, 0.04341, 92.53%
Test - Best epoch, Loss, MSE, RMSE, MAE, MAPE: 3, 0.00722, 0.00722, 0.08500, 0.04406, 87.05%
Time spent: 7.86s
- Epoch 004, ExpID 74551
Train - Loss (one batch): 0.00808
Val - Loss, MSE, RMSE, MAE, MAPE: 0.00588, 0.00588, 0.07666, 0.04299, 65.30%
Test - Best epoch, Loss, MSE, RMSE, MAE, MAPE: 3, 0.00722, 0.00722, 0.08500, 0.04406, 87.05%
Time spent: 6.84s
- Epoch 005, ExpID 74551
Train - Loss (one batch): 0.00599
Val - Loss, MSE, RMSE, MAE, MAPE: 0.00609, 0.00609, 0.07802, 0.04577, 132.84%
Test - Best epoch, Loss, MSE, RMSE, MAE, MAPE: 3, 0.00722, 0.00722, 0.08500, 0.04406, 87.05%
Time spent: 7.37s
- Epoch 006, ExpID 74551
Train - Loss (one batch): 0.00500
Val - Loss, MSE, RMSE, MAE, MAPE: 0.00555, 0.00555, 0.07450, 0.04228, 108.08%
Test - Best epoch, Loss, MSE, RMSE, MAE, MAPE: 6, 0.00692, 0.00692, 0.08320, 0.04231, 95.76%
Time spent: 8.02s
- Epoch 007, ExpID 74551
Train - Loss (one batch): 0.00578
Val - Loss, MSE, RMSE, MAE, MAPE: 0.00550, 0.00550, 0.07419, 0.03970, 96.01%
Test - Best epoch, Loss, MSE, RMSE, MAE, MAPE: 7, 0.00676, 0.00676, 0.08223, 0.03998, 82.81%
Time spent: 7.90s
- Epoch 008, ExpID 74551
Train - Loss (one batch): 0.00429
Val - Loss, MSE, RMSE, MAE, MAPE: 0.00560, 0.00560, 0.07486, 0.04003, 92.78%
Test - Best epoch, Loss, MSE, RMSE, MAE, MAPE: 7, 0.00676, 0.00676, 0.08223, 0.03998, 82.81%
Time spent: 6.83s
- Epoch 009, ExpID 74551
Train - Loss (one batch): 0.00569
Val - Loss, MSE, RMSE, MAE, MAPE: 0.00552, 0.00552, 0.07429, 0.03903, 102.94%
Test - Best epoch, Loss, MSE, RMSE, MAE, MAPE: 7, 0.00676, 0.00676, 0.08223, 0.03998, 82.81%
Time spent: 6.85s
- Epoch 010, ExpID 74551
Train - Loss (one batch): 0.00454
Val - Loss, MSE, RMSE, MAE, MAPE: 0.00589, 0.00589, 0.07674, 0.04188, 62.54%
Test - Best epoch, Loss, MSE, RMSE, MAE, MAPE: 7, 0.00676, 0.00676, 0.08223, 0.03998, 82.81%
Time spent: 6.93s
- Epoch 011, ExpID 74551
Train - Loss (one batch): 0.00645
Val - Loss, MSE, RMSE, MAE, MAPE: 0.00559, 0.00559, 0.07474, 0.04261, 86.73%
Test - Best epoch, Loss, MSE, RMSE, MAE, MAPE: 7, 0.00676, 0.00676, 0.08223, 0.03998, 82.81%
Time spent: 6.93s
- Epoch 012, ExpID 74551
Train - Loss (one batch): 0.00288
Val - Loss, MSE, RMSE, MAE, MAPE: 0.00544, 0.00544, 0.07379, 0.03970, 96.34%
Test - Best epoch, Loss, MSE, RMSE, MAE, MAPE: 12, 0.00677, 0.00677, 0.08227, 0.03995, 83.37%
Time spent: 7.88s
- Epoch 013, ExpID 74551
Train - Loss (one batch): 0.00442
Val - Loss, MSE, RMSE, MAE, MAPE: 0.00561, 0.00561, 0.07489, 0.04212, 126.23%
Test - Best epoch, Loss, MSE, RMSE, MAE, MAPE: 12, 0.00677, 0.00677, 0.08227, 0.03995, 83.37%
Time spent: 6.82s
- Epoch 014, ExpID 74551
Train - Loss (one batch): 0.00530
Val - Loss, MSE, RMSE, MAE, MAPE: 0.00556, 0.00556, 0.07458, 0.04091, 81.75%
Test - Best epoch, Loss, MSE, RMSE, MAE, MAPE: 12, 0.00677, 0.00677, 0.08227, 0.03995, 83.37%
Time spent: 6.86s
- Epoch 015, ExpID 74551
Train - Loss (one batch): 0.00463
Val - Loss, MSE, RMSE, MAE, MAPE: 0.00640, 0.00640, 0.07997, 0.04756, 129.70%
Test - Best epoch, Loss, MSE, RMSE, MAE, MAPE: 12, 0.00677, 0.00677, 0.08227, 0.03995, 83.37%
Time spent: 6.94s
- Epoch 016, ExpID 74551
Train - Loss (one batch): 0.00546
Val - Loss, MSE, RMSE, MAE, MAPE: 0.00551, 0.00551, 0.07423, 0.03901, 81.14%
Test - Best epoch, Loss, MSE, RMSE, MAE, MAPE: 12, 0.00677, 0.00677, 0.08227, 0.03995, 83.37%
Time spent: 6.84s
- Epoch 017, ExpID 74551
Train - Loss (one batch): 0.00463
Val - Loss, MSE, RMSE, MAE, MAPE: 0.00534, 0.00534, 0.07306, 0.03916, 86.65%
Test - Best epoch, Loss, MSE, RMSE, MAE, MAPE: 17, 0.00658, 0.00658, 0.08114, 0.03916, 71.51%
Time spent: 8.24s
- Epoch 018, ExpID 74551
Train - Loss (one batch): 0.00481
Val - Loss, MSE, RMSE, MAE, MAPE: 0.00561, 0.00561, 0.07491, 0.04087, 91.49%
Test - Best epoch, Loss, MSE, RMSE, MAE, MAPE: 17, 0.00658, 0.00658, 0.08114, 0.03916, 71.51%
Time spent: 6.85s
- Epoch 019, ExpID 74551
Train - Loss (one batch): 0.00834
Val - Loss, MSE, RMSE, MAE, MAPE: 0.00585, 0.00585, 0.07652, 0.04151, 121.87%
Test - Best epoch, Loss, MSE, RMSE, MAE, MAPE: 17, 0.00658, 0.00658, 0.08114, 0.03916, 71.51%
Time spent: 7.04s
- Epoch 020, ExpID 74551
Train - Loss (one batch): 0.00529
Val - Loss, MSE, RMSE, MAE, MAPE: 0.00568, 0.00568, 0.07535, 0.04144, 130.35%
Test - Best epoch, Loss, MSE, RMSE, MAE, MAPE: 17, 0.00658, 0.00658, 0.08114, 0.03916, 71.51%
Time spent: 7.06s
- Epoch 021, ExpID 74551
Train - Loss (one batch): 0.00429
Val - Loss, MSE, RMSE, MAE, MAPE: 0.00535, 0.00535, 0.07315, 0.04022, 91.18%
Test - Best epoch, Loss, MSE, RMSE, MAE, MAPE: 17, 0.00658, 0.00658, 0.08114, 0.03916, 71.51%
Time spent: 6.84s
- Epoch 022, ExpID 74551
Train - Loss (one batch): 0.00601
Val - Loss, MSE, RMSE, MAE, MAPE: 0.00527, 0.00527, 0.07258, 0.03982, 80.18%
Test - Best epoch, Loss, MSE, RMSE, MAE, MAPE: 22, 0.00669, 0.00669, 0.08176, 0.03990, 67.68%
Time spent: 7.90s
- Epoch 023, ExpID 74551
Train - Loss (one batch): 0.00743
Val - Loss, MSE, RMSE, MAE, MAPE: 0.00535, 0.00535, 0.07317, 0.04093, 134.45%
Test - Best epoch, Loss, MSE, RMSE, MAE, MAPE: 22, 0.00669, 0.00669, 0.08176, 0.03990, 67.68%
Time spent: 6.87s
- Epoch 024, ExpID 74551
Train - Loss (one batch): 0.00453
Val - Loss, MSE, RMSE, MAE, MAPE: 0.00544, 0.00544, 0.07377, 0.03892, 66.74%
Test - Best epoch, Loss, MSE, RMSE, MAE, MAPE: 22, 0.00669, 0.00669, 0.08176, 0.03990, 67.68%
Time spent: 7.02s
- Epoch 025, ExpID 74551
Train - Loss (one batch): 0.00545
Val - Loss, MSE, RMSE, MAE, MAPE: 0.00541, 0.00541, 0.07356, 0.03988, 111.08%
Test - Best epoch, Loss, MSE, RMSE, MAE, MAPE: 22, 0.00669, 0.00669, 0.08176, 0.03990, 67.68%
Time spent: 6.82s
- Epoch 026, ExpID 74551
Train - Loss (one batch): 0.00643
Val - Loss, MSE, RMSE, MAE, MAPE: 0.00543, 0.00543, 0.07368, 0.04175, 139.26%
Test - Best epoch, Loss, MSE, RMSE, MAE, MAPE: 22, 0.00669, 0.00669, 0.08176, 0.03990, 67.68%
Time spent: 6.86s
- Epoch 027, ExpID 74551
Train - Loss (one batch): 0.00477
Val - Loss, MSE, RMSE, MAE, MAPE: 0.00539, 0.00539, 0.07342, 0.03985, 108.47%
Test - Best epoch, Loss, MSE, RMSE, MAE, MAPE: 22, 0.00669, 0.00669, 0.08176, 0.03990, 67.68%
Time spent: 6.99s
- Epoch 028, ExpID 74551
Train - Loss (one batch): 0.00522
Val - Loss, MSE, RMSE, MAE, MAPE: 0.00535, 0.00535, 0.07314, 0.04228, 135.99%
Test - Best epoch, Loss, MSE, RMSE, MAE, MAPE: 22, 0.00669, 0.00669, 0.08176, 0.03990, 67.68%
Time spent: 6.85s
- Epoch 029, ExpID 74551
Train - Loss (one batch): 0.00594
Val - Loss, MSE, RMSE, MAE, MAPE: 0.00524, 0.00524, 0.07236, 0.03800, 83.22%
Test - Best epoch, Loss, MSE, RMSE, MAE, MAPE: 29, 0.00645, 0.00645, 0.08030, 0.03783, 72.10%
Time spent: 7.85s
- Epoch 030, ExpID 74551
Train - Loss (one batch): 0.00373
Val - Loss, MSE, RMSE, MAE, MAPE: 0.00534, 0.00534, 0.07305, 0.03861, 94.38%
Test - Best epoch, Loss, MSE, RMSE, MAE, MAPE: 29, 0.00645, 0.00645, 0.08030, 0.03783, 72.10%
Time spent: 6.97s
- Epoch 031, ExpID 74551
Train - Loss (one batch): 0.00332
Val - Loss, MSE, RMSE, MAE, MAPE: 0.00567, 0.00567, 0.07532, 0.04158, 64.31%
Test - Best epoch, Loss, MSE, RMSE, MAE, MAPE: 29, 0.00645, 0.00645, 0.08030, 0.03783, 72.10%
Time spent: 6.89s
- Epoch 032, ExpID 74551
Train - Loss (one batch): 0.00440
Val - Loss, MSE, RMSE, MAE, MAPE: 0.00558, 0.00558, 0.07473, 0.03925, 75.31%
Test - Best epoch, Loss, MSE, RMSE, MAE, MAPE: 29, 0.00645, 0.00645, 0.08030, 0.03783, 72.10%
Time spent: 7.08s
- Epoch 033, ExpID 74551
Train - Loss (one batch): 0.00439
Val - Loss, MSE, RMSE, MAE, MAPE: 0.00539, 0.00539, 0.07341, 0.03958, 80.58%
Test - Best epoch, Loss, MSE, RMSE, MAE, MAPE: 29, 0.00645, 0.00645, 0.08030, 0.03783, 72.10%
Time spent: 6.83s
- Epoch 034, ExpID 74551
Train - Loss (one batch): 0.00440
Val - Loss, MSE, RMSE, MAE, MAPE: 0.00574, 0.00574, 0.07574, 0.04331, 170.50%
Test - Best epoch, Loss, MSE, RMSE, MAE, MAPE: 29, 0.00645, 0.00645, 0.08030, 0.03783, 72.10%
Time spent: 6.86s
- Epoch 035, ExpID 74551
Train - Loss (one batch): 0.00530
Val - Loss, MSE, RMSE, MAE, MAPE: 0.00515, 0.00515, 0.07179, 0.03750, 75.30%
Test - Best epoch, Loss, MSE, RMSE, MAE, MAPE: 35, 0.00632, 0.00632, 0.07949, 0.03710, 63.14%
Time spent: 8.30s
- Epoch 036, ExpID 74551
Train - Loss (one batch): 0.00444
Val - Loss, MSE, RMSE, MAE, MAPE: 0.00598, 0.00598, 0.07734, 0.04302, 67.66%
Test - Best epoch, Loss, MSE, RMSE, MAE, MAPE: 35, 0.00632, 0.00632, 0.07949, 0.03710, 63.14%
Time spent: 6.93s
- Epoch 037, ExpID 74551
Train - Loss (one batch): 0.00566
Val - Loss, MSE, RMSE, MAE, MAPE: 0.00557, 0.00557, 0.07464, 0.03996, 115.69%
Test - Best epoch, Loss, MSE, RMSE, MAE, MAPE: 35, 0.00632, 0.00632, 0.07949, 0.03710, 63.14%
Time spent: 6.82s
- Epoch 038, ExpID 74551
Train - Loss (one batch): 0.00332
Val - Loss, MSE, RMSE, MAE, MAPE: 0.00536, 0.00536, 0.07323, 0.03937, 134.82%
Test - Best epoch, Loss, MSE, RMSE, MAE, MAPE: 35, 0.00632, 0.00632, 0.07949, 0.03710, 63.14%
Time spent: 6.89s
- Epoch 039, ExpID 74551
Train - Loss (one batch): 0.00328
Val - Loss, MSE, RMSE, MAE, MAPE: 0.00524, 0.00524, 0.07240, 0.03837, 100.04%
Test - Best epoch, Loss, MSE, RMSE, MAE, MAPE: 35, 0.00632, 0.00632, 0.07949, 0.03710, 63.14%
Time spent: 6.85s
- Epoch 040, ExpID 74551
Train - Loss (one batch): 0.00516
Val - Loss, MSE, RMSE, MAE, MAPE: 0.00519, 0.00519, 0.07202, 0.03797, 70.69%
Test - Best epoch, Loss, MSE, RMSE, MAE, MAPE: 35, 0.00632, 0.00632, 0.07949, 0.03710, 63.14%
Time spent: 6.83s
- Epoch 041, ExpID 74551
Train - Loss (one batch): 0.00483
Val - Loss, MSE, RMSE, MAE, MAPE: 0.00545, 0.00545, 0.07381, 0.04019, 108.45%
Test - Best epoch, Loss, MSE, RMSE, MAE, MAPE: 35, 0.00632, 0.00632, 0.07949, 0.03710, 63.14%
Time spent: 6.82s
- Epoch 042, ExpID 74551
Train - Loss (one batch): 0.00312
Val - Loss, MSE, RMSE, MAE, MAPE: 0.00545, 0.00545, 0.07385, 0.03838, 92.26%
Test - Best epoch, Loss, MSE, RMSE, MAE, MAPE: 35, 0.00632, 0.00632, 0.07949, 0.03710, 63.14%
Time spent: 6.89s
- Epoch 043, ExpID 74551
Train - Loss (one batch): 0.00376
Val - Loss, MSE, RMSE, MAE, MAPE: 0.00529, 0.00529, 0.07272, 0.03897, 83.83%
Test - Best epoch, Loss, MSE, RMSE, MAE, MAPE: 35, 0.00632, 0.00632, 0.07949, 0.03710, 63.14%
Time spent: 6.85s
- Epoch 044, ExpID 74551
Train - Loss (one batch): 0.00393
Val - Loss, MSE, RMSE, MAE, MAPE: 0.00565, 0.00565, 0.07519, 0.03891, 66.67%
Test - Best epoch, Loss, MSE, RMSE, MAE, MAPE: 35, 0.00632, 0.00632, 0.07949, 0.03710, 63.14%
Time spent: 6.83s
- Epoch 045, ExpID 74551
Train - Loss (one batch): 0.00371
Val - Loss, MSE, RMSE, MAE, MAPE: 0.00566, 0.00566, 0.07521, 0.03891, 76.25%
Test - Best epoch, Loss, MSE, RMSE, MAE, MAPE: 35, 0.00632, 0.00632, 0.07949, 0.03710, 63.14%
Time spent: 6.87s
