/home/ouass/Test/t-PatchGNN/tPatchGNN/run_models.py
2025-09-10 02:59:06
run_models.py --dataset physionet --state def --history 24 --patience 10 --batch_size 32 --lr 1e-3 --patch_size 12 --stride 6 --nhead 1 --tf_layer 1 --nlayer 1 --te_dim 10 --node_dim 10 --hid_dim 64 --outlayer Linear --seed 5 --gpu 0 --quantization 1.0 --save experiments/physio_ps12_s6_seed5
Namespace(state='def', n=100000000, hop=1, nhead=1, tf_layer=1, nlayer=1, epoch=1000, patience=10, history=24, patch_size=12.0, stride=6.0, logmode='a', lr=0.001, w_decay=0.0, batch_size=32, save='experiments/physio_ps12_s6_seed5', load=None, seed=5, dataset='physionet', quantization=1.0, model='tPatchGNN', outlayer='Linear', hid_dim=64, te_dim=10, node_dim=10, gpu='0', npatch=3, device=device(type='cuda'), PID=2726335, ndim=41)
- Epoch 000, ExpID 84455
Train - Loss (one batch): 0.01185
Val - Loss, MSE, RMSE, MAE, MAPE: 0.00740, 0.00740, 0.08601, 0.05295, 215.59%
Test - Best epoch, Loss, MSE, RMSE, MAE, MAPE: 0, 0.00882, 0.00882, 0.09390, 0.05330, 192.39%
Time spent: 10.37s
- Epoch 001, ExpID 84455
Train - Loss (one batch): 0.00621
Val - Loss, MSE, RMSE, MAE, MAPE: 0.00637, 0.00637, 0.07979, 0.04591, 150.63%
Test - Best epoch, Loss, MSE, RMSE, MAE, MAPE: 1, 0.00761, 0.00761, 0.08724, 0.04547, 128.96%
Time spent: 9.66s
- Epoch 002, ExpID 84455
Train - Loss (one batch): 0.00526
Val - Loss, MSE, RMSE, MAE, MAPE: 0.00558, 0.00558, 0.07471, 0.04167, 66.44%
Test - Best epoch, Loss, MSE, RMSE, MAE, MAPE: 2, 0.00691, 0.00691, 0.08316, 0.04212, 64.38%
Time spent: 9.44s
- Epoch 003, ExpID 84455
Train - Loss (one batch): 0.00581
Val - Loss, MSE, RMSE, MAE, MAPE: 0.00641, 0.00641, 0.08007, 0.04781, 66.55%
Test - Best epoch, Loss, MSE, RMSE, MAE, MAPE: 2, 0.00691, 0.00691, 0.08316, 0.04212, 64.38%
Time spent: 8.44s
- Epoch 004, ExpID 84455
Train - Loss (one batch): 0.00881
Val - Loss, MSE, RMSE, MAE, MAPE: 0.00623, 0.00623, 0.07892, 0.04558, 95.18%
Test - Best epoch, Loss, MSE, RMSE, MAE, MAPE: 2, 0.00691, 0.00691, 0.08316, 0.04212, 64.38%
Time spent: 9.81s
- Epoch 005, ExpID 84455
Train - Loss (one batch): 0.00452
Val - Loss, MSE, RMSE, MAE, MAPE: 0.00543, 0.00543, 0.07366, 0.03953, 72.51%
Test - Best epoch, Loss, MSE, RMSE, MAE, MAPE: 5, 0.00673, 0.00673, 0.08206, 0.03987, 65.71%
Time spent: 12.71s
- Epoch 006, ExpID 84455
Train - Loss (one batch): 0.00405
Val - Loss, MSE, RMSE, MAE, MAPE: 0.00649, 0.00649, 0.08058, 0.04642, 63.03%
Test - Best epoch, Loss, MSE, RMSE, MAE, MAPE: 5, 0.00673, 0.00673, 0.08206, 0.03987, 65.71%
Time spent: 8.36s
- Epoch 007, ExpID 84455
Train - Loss (one batch): 0.00783
Val - Loss, MSE, RMSE, MAE, MAPE: 0.00604, 0.00604, 0.07770, 0.04425, 94.85%
Test - Best epoch, Loss, MSE, RMSE, MAE, MAPE: 5, 0.00673, 0.00673, 0.08206, 0.03987, 65.71%
Time spent: 10.07s
- Epoch 008, ExpID 84455
Train - Loss (one batch): 0.00504
Val - Loss, MSE, RMSE, MAE, MAPE: 0.00704, 0.00704, 0.08391, 0.04669, 93.44%
Test - Best epoch, Loss, MSE, RMSE, MAE, MAPE: 5, 0.00673, 0.00673, 0.08206, 0.03987, 65.71%
Time spent: 8.84s
- Epoch 009, ExpID 84455
Train - Loss (one batch): 0.00407
Val - Loss, MSE, RMSE, MAE, MAPE: 0.00586, 0.00586, 0.07655, 0.04391, 80.21%
Test - Best epoch, Loss, MSE, RMSE, MAE, MAPE: 5, 0.00673, 0.00673, 0.08206, 0.03987, 65.71%
Time spent: 10.44s
- Epoch 010, ExpID 84455
Train - Loss (one batch): 0.00557
Val - Loss, MSE, RMSE, MAE, MAPE: 0.00553, 0.00553, 0.07435, 0.04220, 106.64%
Test - Best epoch, Loss, MSE, RMSE, MAE, MAPE: 5, 0.00673, 0.00673, 0.08206, 0.03987, 65.71%
Time spent: 10.66s
- Epoch 011, ExpID 84455
Train - Loss (one batch): 0.00588
Val - Loss, MSE, RMSE, MAE, MAPE: 0.00534, 0.00534, 0.07306, 0.03982, 66.05%
Test - Best epoch, Loss, MSE, RMSE, MAE, MAPE: 11, 0.00661, 0.00661, 0.08129, 0.04026, 62.52%
Time spent: 12.43s
- Epoch 012, ExpID 84455
Train - Loss (one batch): 0.00343
Val - Loss, MSE, RMSE, MAE, MAPE: 0.00642, 0.00642, 0.08010, 0.04634, 100.85%
Test - Best epoch, Loss, MSE, RMSE, MAE, MAPE: 11, 0.00661, 0.00661, 0.08129, 0.04026, 62.52%
Time spent: 9.58s
- Epoch 013, ExpID 84455
Train - Loss (one batch): 0.00568
Val - Loss, MSE, RMSE, MAE, MAPE: 0.00547, 0.00547, 0.07398, 0.04120, 60.06%
Test - Best epoch, Loss, MSE, RMSE, MAE, MAPE: 11, 0.00661, 0.00661, 0.08129, 0.04026, 62.52%
Time spent: 9.75s
- Epoch 014, ExpID 84455
Train - Loss (one batch): 0.00579
Val - Loss, MSE, RMSE, MAE, MAPE: 0.00507, 0.00507, 0.07117, 0.03820, 81.31%
Test - Best epoch, Loss, MSE, RMSE, MAE, MAPE: 14, 0.00635, 0.00635, 0.07968, 0.03859, 74.61%
Time spent: 13.31s
- Epoch 015, ExpID 84455
Train - Loss (one batch): 0.00408
Val - Loss, MSE, RMSE, MAE, MAPE: 0.00531, 0.00531, 0.07286, 0.04089, 79.93%
Test - Best epoch, Loss, MSE, RMSE, MAE, MAPE: 14, 0.00635, 0.00635, 0.07968, 0.03859, 74.61%
Time spent: 10.73s
- Epoch 016, ExpID 84455
Train - Loss (one batch): 0.00390
Val - Loss, MSE, RMSE, MAE, MAPE: 0.00544, 0.00544, 0.07376, 0.04341, 122.08%
Test - Best epoch, Loss, MSE, RMSE, MAE, MAPE: 14, 0.00635, 0.00635, 0.07968, 0.03859, 74.61%
Time spent: 10.82s
- Epoch 017, ExpID 84455
Train - Loss (one batch): 0.00404
Val - Loss, MSE, RMSE, MAE, MAPE: 0.00533, 0.00533, 0.07300, 0.04128, 84.28%
Test - Best epoch, Loss, MSE, RMSE, MAE, MAPE: 14, 0.00635, 0.00635, 0.07968, 0.03859, 74.61%
Time spent: 11.08s
- Epoch 018, ExpID 84455
Train - Loss (one batch): 0.00458
Val - Loss, MSE, RMSE, MAE, MAPE: 0.00528, 0.00528, 0.07267, 0.03909, 61.21%
Test - Best epoch, Loss, MSE, RMSE, MAE, MAPE: 14, 0.00635, 0.00635, 0.07968, 0.03859, 74.61%
Time spent: 10.50s
- Epoch 019, ExpID 84455
Train - Loss (one batch): 0.00557
Val - Loss, MSE, RMSE, MAE, MAPE: 0.00536, 0.00536, 0.07319, 0.03920, 78.78%
Test - Best epoch, Loss, MSE, RMSE, MAE, MAPE: 14, 0.00635, 0.00635, 0.07968, 0.03859, 74.61%
Time spent: 10.65s
- Epoch 020, ExpID 84455
Train - Loss (one batch): 0.00310
Val - Loss, MSE, RMSE, MAE, MAPE: 0.00555, 0.00555, 0.07449, 0.04299, 157.40%
Test - Best epoch, Loss, MSE, RMSE, MAE, MAPE: 14, 0.00635, 0.00635, 0.07968, 0.03859, 74.61%
Time spent: 11.45s
- Epoch 021, ExpID 84455
Train - Loss (one batch): 0.00451
Val - Loss, MSE, RMSE, MAE, MAPE: 0.00519, 0.00519, 0.07202, 0.03915, 92.24%
Test - Best epoch, Loss, MSE, RMSE, MAE, MAPE: 14, 0.00635, 0.00635, 0.07968, 0.03859, 74.61%
Time spent: 9.68s
- Epoch 022, ExpID 84455
Train - Loss (one batch): 0.00490
Val - Loss, MSE, RMSE, MAE, MAPE: 0.00523, 0.00523, 0.07232, 0.03984, 122.75%
Test - Best epoch, Loss, MSE, RMSE, MAE, MAPE: 14, 0.00635, 0.00635, 0.07968, 0.03859, 74.61%
Time spent: 7.37s
- Epoch 023, ExpID 84455
Train - Loss (one batch): 0.00516
Val - Loss, MSE, RMSE, MAE, MAPE: 0.00517, 0.00517, 0.07188, 0.03913, 116.70%
Test - Best epoch, Loss, MSE, RMSE, MAE, MAPE: 14, 0.00635, 0.00635, 0.07968, 0.03859, 74.61%
Time spent: 8.78s
- Epoch 024, ExpID 84455
Train - Loss (one batch): 0.00355
Val - Loss, MSE, RMSE, MAE, MAPE: 0.00538, 0.00538, 0.07337, 0.03941, 68.41%
Test - Best epoch, Loss, MSE, RMSE, MAE, MAPE: 14, 0.00635, 0.00635, 0.07968, 0.03859, 74.61%
Time spent: 8.95s
