/home/ouass/Test/t-PatchGNN/tPatchGNN/run_models.py
2025-09-10 02:59:07
run_models.py --dataset physionet --state def --history 24 --patience 10 --batch_size 32 --lr 1e-3 --patch_size 12 --stride 6 --nhead 1 --tf_layer 1 --nlayer 1 --te_dim 10 --node_dim 10 --hid_dim 64 --outlayer Linear --seed 4 --gpu 0 --quantization 1.0 --save experiments/physio_ps12_s6_seed4
Namespace(state='def', n=100000000, hop=1, nhead=1, tf_layer=1, nlayer=1, epoch=1000, patience=10, history=24, patch_size=12.0, stride=6.0, logmode='a', lr=0.001, w_decay=0.0, batch_size=32, save='experiments/physio_ps12_s6_seed4', load=None, seed=4, dataset='physionet', quantization=1.0, model='tPatchGNN', outlayer='Linear', hid_dim=64, te_dim=10, node_dim=10, gpu='0', npatch=3, device=device(type='cuda'), PID=2726334, ndim=41)
- Epoch 000, ExpID 10403
Train - Loss (one batch): 0.00725
Val - Loss, MSE, RMSE, MAE, MAPE: 0.00722, 0.00722, 0.08498, 0.05006, 230.36%
Test - Best epoch, Loss, MSE, RMSE, MAE, MAPE: 0, 0.00873, 0.00873, 0.09343, 0.05000, 198.66%
Time spent: 9.68s
- Epoch 001, ExpID 10403
Train - Loss (one batch): 0.00538
Val - Loss, MSE, RMSE, MAE, MAPE: 0.00594, 0.00594, 0.07705, 0.04637, 102.28%
Test - Best epoch, Loss, MSE, RMSE, MAE, MAPE: 1, 0.00744, 0.00744, 0.08625, 0.04690, 89.06%
Time spent: 8.96s
- Epoch 002, ExpID 10403
Train - Loss (one batch): 0.00357
Val - Loss, MSE, RMSE, MAE, MAPE: 0.00566, 0.00566, 0.07525, 0.04173, 87.84%
Test - Best epoch, Loss, MSE, RMSE, MAE, MAPE: 2, 0.00713, 0.00713, 0.08443, 0.04190, 77.26%
Time spent: 8.84s
- Epoch 003, ExpID 10403
Train - Loss (one batch): 0.00338
Val - Loss, MSE, RMSE, MAE, MAPE: 0.00563, 0.00563, 0.07504, 0.04224, 191.19%
Test - Best epoch, Loss, MSE, RMSE, MAE, MAPE: 3, 0.00702, 0.00702, 0.08380, 0.04255, 168.93%
Time spent: 8.86s
- Epoch 004, ExpID 10403
Train - Loss (one batch): 0.00796
Val - Loss, MSE, RMSE, MAE, MAPE: 0.00626, 0.00626, 0.07913, 0.04721, 223.18%
Test - Best epoch, Loss, MSE, RMSE, MAE, MAPE: 3, 0.00702, 0.00702, 0.08380, 0.04255, 168.93%
Time spent: 7.75s
- Epoch 005, ExpID 10403
Train - Loss (one batch): 0.00320
Val - Loss, MSE, RMSE, MAE, MAPE: 0.00532, 0.00532, 0.07291, 0.03961, 74.88%
Test - Best epoch, Loss, MSE, RMSE, MAE, MAPE: 5, 0.00679, 0.00679, 0.08241, 0.04005, 65.51%
Time spent: 8.81s
- Epoch 006, ExpID 10403
Train - Loss (one batch): 0.00405
Val - Loss, MSE, RMSE, MAE, MAPE: 0.00582, 0.00582, 0.07632, 0.04222, 93.58%
Test - Best epoch, Loss, MSE, RMSE, MAE, MAPE: 5, 0.00679, 0.00679, 0.08241, 0.04005, 65.51%
Time spent: 7.67s
- Epoch 007, ExpID 10403
Train - Loss (one batch): 0.00420
Val - Loss, MSE, RMSE, MAE, MAPE: 0.00536, 0.00536, 0.07320, 0.03910, 116.18%
Test - Best epoch, Loss, MSE, RMSE, MAE, MAPE: 5, 0.00679, 0.00679, 0.08241, 0.04005, 65.51%
Time spent: 7.66s
- Epoch 008, ExpID 10403
Train - Loss (one batch): 0.01089
Val - Loss, MSE, RMSE, MAE, MAPE: 0.00528, 0.00528, 0.07264, 0.03970, 118.64%
Test - Best epoch, Loss, MSE, RMSE, MAE, MAPE: 8, 0.00666, 0.00666, 0.08163, 0.04013, 104.54%
Time spent: 8.77s
- Epoch 009, ExpID 10403
Train - Loss (one batch): 0.00509
Val - Loss, MSE, RMSE, MAE, MAPE: 0.00503, 0.00503, 0.07090, 0.03701, 67.09%
Test - Best epoch, Loss, MSE, RMSE, MAE, MAPE: 9, 0.00648, 0.00648, 0.08049, 0.03766, 58.77%
Time spent: 8.64s
- Epoch 010, ExpID 10403
Train - Loss (one batch): 0.00495
Val - Loss, MSE, RMSE, MAE, MAPE: 0.00524, 0.00524, 0.07237, 0.03891, 81.22%
Test - Best epoch, Loss, MSE, RMSE, MAE, MAPE: 9, 0.00648, 0.00648, 0.08049, 0.03766, 58.77%
Time spent: 7.46s
- Epoch 011, ExpID 10403
Train - Loss (one batch): 0.00304
Val - Loss, MSE, RMSE, MAE, MAPE: 0.00527, 0.00527, 0.07258, 0.04048, 78.82%
Test - Best epoch, Loss, MSE, RMSE, MAE, MAPE: 9, 0.00648, 0.00648, 0.08049, 0.03766, 58.77%
Time spent: 7.46s
- Epoch 012, ExpID 10403
Train - Loss (one batch): 0.00428
Val - Loss, MSE, RMSE, MAE, MAPE: 0.00516, 0.00516, 0.07185, 0.03838, 92.54%
Test - Best epoch, Loss, MSE, RMSE, MAE, MAPE: 9, 0.00648, 0.00648, 0.08049, 0.03766, 58.77%
Time spent: 7.39s
- Epoch 013, ExpID 10403
Train - Loss (one batch): 0.00422
Val - Loss, MSE, RMSE, MAE, MAPE: 0.00547, 0.00547, 0.07394, 0.03993, 80.60%
Test - Best epoch, Loss, MSE, RMSE, MAE, MAPE: 9, 0.00648, 0.00648, 0.08049, 0.03766, 58.77%
Time spent: 7.38s
- Epoch 014, ExpID 10403
Train - Loss (one batch): 0.00444
Val - Loss, MSE, RMSE, MAE, MAPE: 0.00534, 0.00534, 0.07307, 0.03998, 114.64%
Test - Best epoch, Loss, MSE, RMSE, MAE, MAPE: 9, 0.00648, 0.00648, 0.08049, 0.03766, 58.77%
Time spent: 7.43s
- Epoch 015, ExpID 10403
Train - Loss (one batch): 0.00325
Val - Loss, MSE, RMSE, MAE, MAPE: 0.00526, 0.00526, 0.07255, 0.04095, 82.30%
Test - Best epoch, Loss, MSE, RMSE, MAE, MAPE: 9, 0.00648, 0.00648, 0.08049, 0.03766, 58.77%
Time spent: 7.40s
- Epoch 016, ExpID 10403
Train - Loss (one batch): 0.02115
Val - Loss, MSE, RMSE, MAE, MAPE: 0.00506, 0.00506, 0.07116, 0.03786, 57.80%
Test - Best epoch, Loss, MSE, RMSE, MAE, MAPE: 9, 0.00648, 0.00648, 0.08049, 0.03766, 58.77%
Time spent: 7.41s
- Epoch 017, ExpID 10403
Train - Loss (one batch): 0.00346
Val - Loss, MSE, RMSE, MAE, MAPE: 0.00502, 0.00502, 0.07087, 0.03815, 106.06%
Test - Best epoch, Loss, MSE, RMSE, MAE, MAPE: 17, 0.00646, 0.00646, 0.08039, 0.03852, 95.35%
Time spent: 8.52s
- Epoch 018, ExpID 10403
Train - Loss (one batch): 0.00563
Val - Loss, MSE, RMSE, MAE, MAPE: 0.00532, 0.00532, 0.07293, 0.03852, 77.20%
Test - Best epoch, Loss, MSE, RMSE, MAE, MAPE: 17, 0.00646, 0.00646, 0.08039, 0.03852, 95.35%
Time spent: 7.48s
- Epoch 019, ExpID 10403
Train - Loss (one batch): 0.00429
Val - Loss, MSE, RMSE, MAE, MAPE: 0.00524, 0.00524, 0.07236, 0.04009, 127.69%
Test - Best epoch, Loss, MSE, RMSE, MAE, MAPE: 17, 0.00646, 0.00646, 0.08039, 0.03852, 95.35%
Time spent: 7.40s
- Epoch 020, ExpID 10403
Train - Loss (one batch): 0.00731
Val - Loss, MSE, RMSE, MAE, MAPE: 0.00518, 0.00518, 0.07198, 0.03813, 76.64%
Test - Best epoch, Loss, MSE, RMSE, MAE, MAPE: 17, 0.00646, 0.00646, 0.08039, 0.03852, 95.35%
Time spent: 7.46s
- Epoch 021, ExpID 10403
Train - Loss (one batch): 0.00497
Val - Loss, MSE, RMSE, MAE, MAPE: 0.00506, 0.00506, 0.07112, 0.04000, 162.85%
Test - Best epoch, Loss, MSE, RMSE, MAE, MAPE: 17, 0.00646, 0.00646, 0.08039, 0.03852, 95.35%
Time spent: 7.53s
- Epoch 022, ExpID 10403
Train - Loss (one batch): 0.00925
Val - Loss, MSE, RMSE, MAE, MAPE: 0.00516, 0.00516, 0.07185, 0.03781, 94.52%
Test - Best epoch, Loss, MSE, RMSE, MAE, MAPE: 17, 0.00646, 0.00646, 0.08039, 0.03852, 95.35%
Time spent: 7.43s
- Epoch 023, ExpID 10403
Train - Loss (one batch): 0.00654
Val - Loss, MSE, RMSE, MAE, MAPE: 0.00511, 0.00511, 0.07149, 0.03814, 98.27%
Test - Best epoch, Loss, MSE, RMSE, MAE, MAPE: 17, 0.00646, 0.00646, 0.08039, 0.03852, 95.35%
Time spent: 7.44s
- Epoch 024, ExpID 10403
Train - Loss (one batch): 0.00444
Val - Loss, MSE, RMSE, MAE, MAPE: 0.00516, 0.00516, 0.07184, 0.04048, 180.00%
Test - Best epoch, Loss, MSE, RMSE, MAE, MAPE: 17, 0.00646, 0.00646, 0.08039, 0.03852, 95.35%
Time spent: 7.44s
- Epoch 025, ExpID 10403
Train - Loss (one batch): 0.00426
Val - Loss, MSE, RMSE, MAE, MAPE: 0.00532, 0.00532, 0.07296, 0.03917, 84.37%
Test - Best epoch, Loss, MSE, RMSE, MAE, MAPE: 17, 0.00646, 0.00646, 0.08039, 0.03852, 95.35%
Time spent: 7.41s
- Epoch 026, ExpID 10403
Train - Loss (one batch): 0.00636
Val - Loss, MSE, RMSE, MAE, MAPE: 0.00544, 0.00544, 0.07378, 0.04162, 86.61%
Test - Best epoch, Loss, MSE, RMSE, MAE, MAPE: 17, 0.00646, 0.00646, 0.08039, 0.03852, 95.35%
Time spent: 7.40s
- Epoch 027, ExpID 10403
Train - Loss (one batch): 0.00573
Val - Loss, MSE, RMSE, MAE, MAPE: 0.00515, 0.00515, 0.07176, 0.03751, 70.40%
Test - Best epoch, Loss, MSE, RMSE, MAE, MAPE: 17, 0.00646, 0.00646, 0.08039, 0.03852, 95.35%
Time spent: 7.37s
