/home/ouass/Test/t-PatchGNN/tPatchGNN/run_models.py
2025-09-10 02:54:44
run_models.py --dataset physionet --state def --history 24 --patience 10 --batch_size 32 --lr 1e-3 --patch_size 12 --stride 6 --nhead 1 --tf_layer 1 --nlayer 1 --te_dim 10 --node_dim 10 --hid_dim 64 --outlayer Linear --seed 2 --gpu 0 --quantization 1.0 --save experiments/physio_ps12_s6_seed2
Namespace(state='def', n=100000000, hop=1, nhead=1, tf_layer=1, nlayer=1, epoch=1000, patience=10, history=24, patch_size=12.0, stride=6.0, logmode='a', lr=0.001, w_decay=0.0, batch_size=32, save='experiments/physio_ps12_s6_seed2', load=None, seed=2, dataset='physionet', quantization=1.0, model='tPatchGNN', outlayer='Linear', hid_dim=64, te_dim=10, node_dim=10, gpu='0', npatch=3, device=device(type='cuda'), PID=2725982, ndim=41)
- Epoch 000, ExpID 22232
Train - Loss (one batch): 0.01306
Val - Loss, MSE, RMSE, MAE, MAPE: 0.00928, 0.00928, 0.09631, 0.05840, 184.88%
Test - Best epoch, Loss, MSE, RMSE, MAE, MAPE: 0, 0.01082, 0.01082, 0.10402, 0.05873, 162.40%
Time spent: 14.35s
- Epoch 001, ExpID 22232
Train - Loss (one batch): 0.00944
Val - Loss, MSE, RMSE, MAE, MAPE: 0.00628, 0.00628, 0.07925, 0.04645, 106.55%
Test - Best epoch, Loss, MSE, RMSE, MAE, MAPE: 1, 0.00752, 0.00752, 0.08669, 0.04623, 94.91%
Time spent: 9.41s
- Epoch 002, ExpID 22232
Train - Loss (one batch): 0.00624
Val - Loss, MSE, RMSE, MAE, MAPE: 0.00588, 0.00588, 0.07666, 0.04732, 249.21%
Test - Best epoch, Loss, MSE, RMSE, MAE, MAPE: 2, 0.00715, 0.00715, 0.08456, 0.04743, 228.69%
Time spent: 9.45s
- Epoch 003, ExpID 22232
Train - Loss (one batch): 0.00389
Val - Loss, MSE, RMSE, MAE, MAPE: 0.00556, 0.00556, 0.07458, 0.04127, 125.91%
Test - Best epoch, Loss, MSE, RMSE, MAE, MAPE: 3, 0.00685, 0.00685, 0.08278, 0.04087, 111.94%
Time spent: 9.35s
- Epoch 004, ExpID 22232
Train - Loss (one batch): 0.00619
Val - Loss, MSE, RMSE, MAE, MAPE: 0.00535, 0.00535, 0.07312, 0.04018, 107.52%
Test - Best epoch, Loss, MSE, RMSE, MAE, MAPE: 4, 0.00666, 0.00666, 0.08163, 0.04000, 92.97%
Time spent: 9.63s
- Epoch 005, ExpID 22232
Train - Loss (one batch): 0.00391
Val - Loss, MSE, RMSE, MAE, MAPE: 0.00568, 0.00568, 0.07539, 0.04218, 91.57%
Test - Best epoch, Loss, MSE, RMSE, MAE, MAPE: 4, 0.00666, 0.00666, 0.08163, 0.04000, 92.97%
Time spent: 7.73s
- Epoch 006, ExpID 22232
Train - Loss (one batch): 0.00457
Val - Loss, MSE, RMSE, MAE, MAPE: 0.00527, 0.00527, 0.07260, 0.03871, 99.98%
Test - Best epoch, Loss, MSE, RMSE, MAE, MAPE: 6, 0.00658, 0.00658, 0.08110, 0.03878, 87.75%
Time spent: 8.99s
- Epoch 007, ExpID 22232
Train - Loss (one batch): 0.00615
Val - Loss, MSE, RMSE, MAE, MAPE: 0.00535, 0.00535, 0.07316, 0.03938, 71.90%
Test - Best epoch, Loss, MSE, RMSE, MAE, MAPE: 6, 0.00658, 0.00658, 0.08110, 0.03878, 87.75%
Time spent: 8.73s
- Epoch 008, ExpID 22232
Train - Loss (one batch): 0.00546
Val - Loss, MSE, RMSE, MAE, MAPE: 0.00554, 0.00554, 0.07444, 0.04066, 91.49%
Test - Best epoch, Loss, MSE, RMSE, MAE, MAPE: 6, 0.00658, 0.00658, 0.08110, 0.03878, 87.75%
Time spent: 8.51s
- Epoch 009, ExpID 22232
Train - Loss (one batch): 0.00327
Val - Loss, MSE, RMSE, MAE, MAPE: 0.00543, 0.00543, 0.07371, 0.04033, 72.51%
Test - Best epoch, Loss, MSE, RMSE, MAE, MAPE: 6, 0.00658, 0.00658, 0.08110, 0.03878, 87.75%
Time spent: 7.69s
- Epoch 010, ExpID 22232
Train - Loss (one batch): 0.00524
Val - Loss, MSE, RMSE, MAE, MAPE: 0.00553, 0.00553, 0.07437, 0.03915, 65.95%
Test - Best epoch, Loss, MSE, RMSE, MAE, MAPE: 6, 0.00658, 0.00658, 0.08110, 0.03878, 87.75%
Time spent: 9.46s
- Epoch 011, ExpID 22232
Train - Loss (one batch): 0.00408
Val - Loss, MSE, RMSE, MAE, MAPE: 0.00528, 0.00528, 0.07264, 0.03960, 87.39%
Test - Best epoch, Loss, MSE, RMSE, MAE, MAPE: 6, 0.00658, 0.00658, 0.08110, 0.03878, 87.75%
Time spent: 8.12s
- Epoch 012, ExpID 22232
Train - Loss (one batch): 0.00495
Val - Loss, MSE, RMSE, MAE, MAPE: 0.00553, 0.00553, 0.07437, 0.04039, 64.92%
Test - Best epoch, Loss, MSE, RMSE, MAE, MAPE: 6, 0.00658, 0.00658, 0.08110, 0.03878, 87.75%
Time spent: 7.90s
- Epoch 013, ExpID 22232
Train - Loss (one batch): 0.00534
Val - Loss, MSE, RMSE, MAE, MAPE: 0.00524, 0.00524, 0.07240, 0.03917, 101.29%
Test - Best epoch, Loss, MSE, RMSE, MAE, MAPE: 13, 0.00649, 0.00649, 0.08059, 0.03892, 87.18%
Time spent: 9.37s
- Epoch 014, ExpID 22232
Train - Loss (one batch): 0.00600
Val - Loss, MSE, RMSE, MAE, MAPE: 0.00560, 0.00560, 0.07480, 0.04254, 89.90%
Test - Best epoch, Loss, MSE, RMSE, MAE, MAPE: 13, 0.00649, 0.00649, 0.08059, 0.03892, 87.18%
Time spent: 7.80s
- Epoch 015, ExpID 22232
Train - Loss (one batch): 0.00412
Val - Loss, MSE, RMSE, MAE, MAPE: 0.00573, 0.00573, 0.07572, 0.04333, 98.75%
Test - Best epoch, Loss, MSE, RMSE, MAE, MAPE: 13, 0.00649, 0.00649, 0.08059, 0.03892, 87.18%
Time spent: 8.17s
- Epoch 016, ExpID 22232
Train - Loss (one batch): 0.00448
Val - Loss, MSE, RMSE, MAE, MAPE: 0.00524, 0.00524, 0.07237, 0.03880, 98.62%
Test - Best epoch, Loss, MSE, RMSE, MAE, MAPE: 16, 0.00650, 0.00650, 0.08061, 0.03874, 82.53%
Time spent: 9.63s
- Epoch 017, ExpID 22232
Train - Loss (one batch): 0.00398
Val - Loss, MSE, RMSE, MAE, MAPE: 0.00545, 0.00545, 0.07385, 0.04213, 133.57%
Test - Best epoch, Loss, MSE, RMSE, MAE, MAPE: 16, 0.00650, 0.00650, 0.08061, 0.03874, 82.53%
Time spent: 7.61s
- Epoch 018, ExpID 22232
Train - Loss (one batch): 0.00813
Val - Loss, MSE, RMSE, MAE, MAPE: 0.00526, 0.00526, 0.07251, 0.03874, 115.10%
Test - Best epoch, Loss, MSE, RMSE, MAE, MAPE: 16, 0.00650, 0.00650, 0.08061, 0.03874, 82.53%
Time spent: 7.58s
- Epoch 019, ExpID 22232
Train - Loss (one batch): 0.00798
Val - Loss, MSE, RMSE, MAE, MAPE: 0.00541, 0.00541, 0.07356, 0.03893, 59.63%
Test - Best epoch, Loss, MSE, RMSE, MAE, MAPE: 16, 0.00650, 0.00650, 0.08061, 0.03874, 82.53%
Time spent: 8.18s
- Epoch 020, ExpID 22232
Train - Loss (one batch): 0.00417
Val - Loss, MSE, RMSE, MAE, MAPE: 0.00559, 0.00559, 0.07480, 0.04110, 89.30%
Test - Best epoch, Loss, MSE, RMSE, MAE, MAPE: 16, 0.00650, 0.00650, 0.08061, 0.03874, 82.53%
Time spent: 9.06s
- Epoch 021, ExpID 22232
Train - Loss (one batch): 0.00319
Val - Loss, MSE, RMSE, MAE, MAPE: 0.00539, 0.00539, 0.07340, 0.03932, 76.84%
Test - Best epoch, Loss, MSE, RMSE, MAE, MAPE: 16, 0.00650, 0.00650, 0.08061, 0.03874, 82.53%
Time spent: 8.22s
- Epoch 022, ExpID 22232
Train - Loss (one batch): 0.00423
Val - Loss, MSE, RMSE, MAE, MAPE: 0.00541, 0.00541, 0.07354, 0.04047, 93.53%
Test - Best epoch, Loss, MSE, RMSE, MAE, MAPE: 16, 0.00650, 0.00650, 0.08061, 0.03874, 82.53%
Time spent: 7.63s
- Epoch 023, ExpID 22232
Train - Loss (one batch): 0.00367
Val - Loss, MSE, RMSE, MAE, MAPE: 0.00536, 0.00536, 0.07321, 0.03927, 77.25%
Test - Best epoch, Loss, MSE, RMSE, MAE, MAPE: 16, 0.00650, 0.00650, 0.08061, 0.03874, 82.53%
Time spent: 8.77s
- Epoch 024, ExpID 22232
Train - Loss (one batch): 0.00442
Val - Loss, MSE, RMSE, MAE, MAPE: 0.00529, 0.00529, 0.07275, 0.03976, 118.41%
Test - Best epoch, Loss, MSE, RMSE, MAE, MAPE: 16, 0.00650, 0.00650, 0.08061, 0.03874, 82.53%
Time spent: 8.74s
- Epoch 025, ExpID 22232
Train - Loss (one batch): 0.00356
Val - Loss, MSE, RMSE, MAE, MAPE: 0.00542, 0.00542, 0.07361, 0.03890, 120.59%
Test - Best epoch, Loss, MSE, RMSE, MAE, MAPE: 16, 0.00650, 0.00650, 0.08061, 0.03874, 82.53%
Time spent: 8.49s
- Epoch 026, ExpID 22232
Train - Loss (one batch): 0.00322
Val - Loss, MSE, RMSE, MAE, MAPE: 0.00530, 0.00530, 0.07283, 0.04068, 111.39%
Test - Best epoch, Loss, MSE, RMSE, MAE, MAPE: 16, 0.00650, 0.00650, 0.08061, 0.03874, 82.53%
Time spent: 8.51s
