/home/ouass/Test/t-PatchGNN/tPatchGNN/run_models.py
2025-09-10 02:54:44
run_models.py --dataset physionet --state def --history 24 --patience 10 --batch_size 32 --lr 1e-3 --patch_size 8 --stride 4 --nhead 1 --tf_layer 1 --nlayer 1 --te_dim 10 --node_dim 10 --hid_dim 64 --outlayer Linear --seed 3 --gpu 0 --quantization 1.0 --save experiments/physio_ps8_s4_seed3
Namespace(state='def', n=100000000, hop=1, nhead=1, tf_layer=1, nlayer=1, epoch=1000, patience=10, history=24, patch_size=8.0, stride=4.0, logmode='a', lr=0.001, w_decay=0.0, batch_size=32, save='experiments/physio_ps8_s4_seed3', load=None, seed=3, dataset='physionet', quantization=1.0, model='tPatchGNN', outlayer='Linear', hid_dim=64, te_dim=10, node_dim=10, gpu='0', npatch=5, device=device(type='cuda'), PID=2725991, ndim=41)
- Epoch 000, ExpID 48063
Train - Loss (one batch): 0.00740
Val - Loss, MSE, RMSE, MAE, MAPE: 0.00833, 0.00833, 0.09125, 0.05229, 188.71%
Test - Best epoch, Loss, MSE, RMSE, MAE, MAPE: 0, 0.00981, 0.00981, 0.09904, 0.05374, 150.33%
Time spent: 13.93s
- Epoch 001, ExpID 48063
Train - Loss (one batch): 0.00390
Val - Loss, MSE, RMSE, MAE, MAPE: 0.00596, 0.00596, 0.07721, 0.04508, 160.96%
Test - Best epoch, Loss, MSE, RMSE, MAE, MAPE: 1, 0.00737, 0.00737, 0.08586, 0.04532, 137.91%
Time spent: 9.86s
- Epoch 002, ExpID 48063
Train - Loss (one batch): 0.00491
Val - Loss, MSE, RMSE, MAE, MAPE: 0.00655, 0.00655, 0.08096, 0.04689, 133.95%
Test - Best epoch, Loss, MSE, RMSE, MAE, MAPE: 1, 0.00737, 0.00737, 0.08586, 0.04532, 137.91%
Time spent: 8.51s
- Epoch 003, ExpID 48063
Train - Loss (one batch): 0.00384
Val - Loss, MSE, RMSE, MAE, MAPE: 0.00568, 0.00568, 0.07536, 0.04391, 88.10%
Test - Best epoch, Loss, MSE, RMSE, MAE, MAPE: 3, 0.00702, 0.00702, 0.08381, 0.04426, 82.57%
Time spent: 9.81s
- Epoch 004, ExpID 48063
Train - Loss (one batch): 0.01099
Val - Loss, MSE, RMSE, MAE, MAPE: 0.00673, 0.00673, 0.08203, 0.04950, 139.20%
Test - Best epoch, Loss, MSE, RMSE, MAE, MAPE: 3, 0.00702, 0.00702, 0.08381, 0.04426, 82.57%
Time spent: 8.52s
- Epoch 005, ExpID 48063
Train - Loss (one batch): 0.00513
Val - Loss, MSE, RMSE, MAE, MAPE: 0.00667, 0.00667, 0.08168, 0.04936, 119.14%
Test - Best epoch, Loss, MSE, RMSE, MAE, MAPE: 3, 0.00702, 0.00702, 0.08381, 0.04426, 82.57%
Time spent: 8.49s
- Epoch 006, ExpID 48063
Train - Loss (one batch): 0.00436
Val - Loss, MSE, RMSE, MAE, MAPE: 0.00553, 0.00553, 0.07438, 0.04130, 140.87%
Test - Best epoch, Loss, MSE, RMSE, MAE, MAPE: 6, 0.00686, 0.00686, 0.08285, 0.04160, 122.11%
Time spent: 9.82s
- Epoch 007, ExpID 48063
Train - Loss (one batch): 0.00440
Val - Loss, MSE, RMSE, MAE, MAPE: 0.00547, 0.00547, 0.07398, 0.04067, 149.40%
Test - Best epoch, Loss, MSE, RMSE, MAE, MAPE: 7, 0.00677, 0.00677, 0.08228, 0.04052, 127.13%
Time spent: 9.82s
- Epoch 008, ExpID 48063
Train - Loss (one batch): 0.00443
Val - Loss, MSE, RMSE, MAE, MAPE: 0.00618, 0.00618, 0.07861, 0.04331, 65.38%
Test - Best epoch, Loss, MSE, RMSE, MAE, MAPE: 7, 0.00677, 0.00677, 0.08228, 0.04052, 127.13%
Time spent: 8.53s
- Epoch 009, ExpID 48063
Train - Loss (one batch): 0.00634
Val - Loss, MSE, RMSE, MAE, MAPE: 0.00637, 0.00637, 0.07982, 0.04695, 105.92%
Test - Best epoch, Loss, MSE, RMSE, MAE, MAPE: 7, 0.00677, 0.00677, 0.08228, 0.04052, 127.13%
Time spent: 8.53s
- Epoch 010, ExpID 48063
Train - Loss (one batch): 0.00389
Val - Loss, MSE, RMSE, MAE, MAPE: 0.00583, 0.00583, 0.07634, 0.04244, 95.27%
Test - Best epoch, Loss, MSE, RMSE, MAE, MAPE: 7, 0.00677, 0.00677, 0.08228, 0.04052, 127.13%
Time spent: 8.50s
- Epoch 011, ExpID 48063
Train - Loss (one batch): 0.00451
Val - Loss, MSE, RMSE, MAE, MAPE: 0.00602, 0.00602, 0.07757, 0.04624, 105.19%
Test - Best epoch, Loss, MSE, RMSE, MAE, MAPE: 7, 0.00677, 0.00677, 0.08228, 0.04052, 127.13%
Time spent: 8.51s
- Epoch 012, ExpID 48063
Train - Loss (one batch): 0.00550
Val - Loss, MSE, RMSE, MAE, MAPE: 0.00566, 0.00566, 0.07526, 0.04128, 80.07%
Test - Best epoch, Loss, MSE, RMSE, MAE, MAPE: 7, 0.00677, 0.00677, 0.08228, 0.04052, 127.13%
Time spent: 8.51s
- Epoch 013, ExpID 48063
Train - Loss (one batch): 0.00549
Val - Loss, MSE, RMSE, MAE, MAPE: 0.00567, 0.00567, 0.07531, 0.04204, 103.52%
Test - Best epoch, Loss, MSE, RMSE, MAE, MAPE: 7, 0.00677, 0.00677, 0.08228, 0.04052, 127.13%
Time spent: 8.51s
- Epoch 014, ExpID 48063
Train - Loss (one batch): 0.00618
Val - Loss, MSE, RMSE, MAE, MAPE: 0.00596, 0.00596, 0.07723, 0.04368, 97.46%
Test - Best epoch, Loss, MSE, RMSE, MAE, MAPE: 7, 0.00677, 0.00677, 0.08228, 0.04052, 127.13%
Time spent: 8.49s
- Epoch 015, ExpID 48063
Train - Loss (one batch): 0.00295
Val - Loss, MSE, RMSE, MAE, MAPE: 0.00533, 0.00533, 0.07299, 0.03909, 61.42%
Test - Best epoch, Loss, MSE, RMSE, MAE, MAPE: 15, 0.00679, 0.00679, 0.08237, 0.03998, 52.22%
Time spent: 9.84s
- Epoch 016, ExpID 48063
Train - Loss (one batch): 0.00395
Val - Loss, MSE, RMSE, MAE, MAPE: 0.00630, 0.00630, 0.07940, 0.04921, 216.82%
Test - Best epoch, Loss, MSE, RMSE, MAE, MAPE: 15, 0.00679, 0.00679, 0.08237, 0.03998, 52.22%
Time spent: 8.50s
- Epoch 017, ExpID 48063
Train - Loss (one batch): 0.00371
Val - Loss, MSE, RMSE, MAE, MAPE: 0.00552, 0.00552, 0.07427, 0.03888, 59.89%
Test - Best epoch, Loss, MSE, RMSE, MAE, MAPE: 15, 0.00679, 0.00679, 0.08237, 0.03998, 52.22%
Time spent: 8.50s
- Epoch 018, ExpID 48063
Train - Loss (one batch): 0.01133
Val - Loss, MSE, RMSE, MAE, MAPE: 0.00693, 0.00693, 0.08323, 0.05404, 154.63%
Test - Best epoch, Loss, MSE, RMSE, MAE, MAPE: 15, 0.00679, 0.00679, 0.08237, 0.03998, 52.22%
Time spent: 8.55s
- Epoch 019, ExpID 48063
Train - Loss (one batch): 0.00525
Val - Loss, MSE, RMSE, MAE, MAPE: 0.00572, 0.00572, 0.07561, 0.04198, 86.48%
Test - Best epoch, Loss, MSE, RMSE, MAE, MAPE: 15, 0.00679, 0.00679, 0.08237, 0.03998, 52.22%
Time spent: 8.49s
- Epoch 020, ExpID 48063
Train - Loss (one batch): 0.00519
Val - Loss, MSE, RMSE, MAE, MAPE: 0.00531, 0.00531, 0.07288, 0.03992, 125.97%
Test - Best epoch, Loss, MSE, RMSE, MAE, MAPE: 20, 0.00657, 0.00657, 0.08103, 0.03969, 109.37%
Time spent: 9.65s
- Epoch 021, ExpID 48063
Train - Loss (one batch): 0.00360
Val - Loss, MSE, RMSE, MAE, MAPE: 0.00630, 0.00630, 0.07940, 0.04143, 61.67%
Test - Best epoch, Loss, MSE, RMSE, MAE, MAPE: 20, 0.00657, 0.00657, 0.08103, 0.03969, 109.37%
Time spent: 8.47s
- Epoch 022, ExpID 48063
Train - Loss (one batch): 0.00585
Val - Loss, MSE, RMSE, MAE, MAPE: 0.00546, 0.00546, 0.07391, 0.04034, 71.53%
Test - Best epoch, Loss, MSE, RMSE, MAE, MAPE: 20, 0.00657, 0.00657, 0.08103, 0.03969, 109.37%
Time spent: 8.40s
- Epoch 023, ExpID 48063
Train - Loss (one batch): 0.00330
Val - Loss, MSE, RMSE, MAE, MAPE: 0.00541, 0.00541, 0.07357, 0.04192, 122.98%
Test - Best epoch, Loss, MSE, RMSE, MAE, MAPE: 20, 0.00657, 0.00657, 0.08103, 0.03969, 109.37%
Time spent: 8.31s
- Epoch 024, ExpID 48063
Train - Loss (one batch): 0.00371
Val - Loss, MSE, RMSE, MAE, MAPE: 0.00552, 0.00552, 0.07430, 0.04002, 93.53%
Test - Best epoch, Loss, MSE, RMSE, MAE, MAPE: 20, 0.00657, 0.00657, 0.08103, 0.03969, 109.37%
Time spent: 8.33s
- Epoch 025, ExpID 48063
Train - Loss (one batch): 0.00435
Val - Loss, MSE, RMSE, MAE, MAPE: 0.00561, 0.00561, 0.07488, 0.04050, 65.88%
Test - Best epoch, Loss, MSE, RMSE, MAE, MAPE: 20, 0.00657, 0.00657, 0.08103, 0.03969, 109.37%
Time spent: 8.38s
- Epoch 026, ExpID 48063
Train - Loss (one batch): 0.00391
Val - Loss, MSE, RMSE, MAE, MAPE: 0.00547, 0.00547, 0.07396, 0.03916, 66.48%
Test - Best epoch, Loss, MSE, RMSE, MAE, MAPE: 20, 0.00657, 0.00657, 0.08103, 0.03969, 109.37%
Time spent: 8.44s
- Epoch 027, ExpID 48063
Train - Loss (one batch): 0.00431
Val - Loss, MSE, RMSE, MAE, MAPE: 0.00527, 0.00527, 0.07262, 0.03809, 57.88%
Test - Best epoch, Loss, MSE, RMSE, MAE, MAPE: 27, 0.00659, 0.00659, 0.08120, 0.03837, 48.28%
Time spent: 9.75s
- Epoch 028, ExpID 48063
Train - Loss (one batch): 0.00538
Val - Loss, MSE, RMSE, MAE, MAPE: 0.00551, 0.00551, 0.07421, 0.04024, 77.22%
Test - Best epoch, Loss, MSE, RMSE, MAE, MAPE: 27, 0.00659, 0.00659, 0.08120, 0.03837, 48.28%
Time spent: 8.48s
- Epoch 029, ExpID 48063
Train - Loss (one batch): 0.00303
Val - Loss, MSE, RMSE, MAE, MAPE: 0.00555, 0.00555, 0.07450, 0.04024, 119.10%
Test - Best epoch, Loss, MSE, RMSE, MAE, MAPE: 27, 0.00659, 0.00659, 0.08120, 0.03837, 48.28%
Time spent: 8.53s
- Epoch 030, ExpID 48063
Train - Loss (one batch): 0.00526
Val - Loss, MSE, RMSE, MAE, MAPE: 0.00592, 0.00592, 0.07697, 0.04082, 71.13%
Test - Best epoch, Loss, MSE, RMSE, MAE, MAPE: 27, 0.00659, 0.00659, 0.08120, 0.03837, 48.28%
Time spent: 8.55s
- Epoch 031, ExpID 48063
Train - Loss (one batch): 0.00321
Val - Loss, MSE, RMSE, MAE, MAPE: 0.00539, 0.00539, 0.07339, 0.04198, 124.61%
Test - Best epoch, Loss, MSE, RMSE, MAE, MAPE: 27, 0.00659, 0.00659, 0.08120, 0.03837, 48.28%
Time spent: 8.57s
- Epoch 032, ExpID 48063
Train - Loss (one batch): 0.00439
Val - Loss, MSE, RMSE, MAE, MAPE: 0.00549, 0.00549, 0.07410, 0.03990, 98.66%
Test - Best epoch, Loss, MSE, RMSE, MAE, MAPE: 27, 0.00659, 0.00659, 0.08120, 0.03837, 48.28%
Time spent: 8.54s
- Epoch 033, ExpID 48063
Train - Loss (one batch): 0.00359
Val - Loss, MSE, RMSE, MAE, MAPE: 0.00557, 0.00557, 0.07461, 0.03884, 80.04%
Test - Best epoch, Loss, MSE, RMSE, MAE, MAPE: 27, 0.00659, 0.00659, 0.08120, 0.03837, 48.28%
Time spent: 8.53s
- Epoch 034, ExpID 48063
Train - Loss (one batch): 0.00699
Val - Loss, MSE, RMSE, MAE, MAPE: 0.00551, 0.00551, 0.07420, 0.03886, 91.12%
Test - Best epoch, Loss, MSE, RMSE, MAE, MAPE: 27, 0.00659, 0.00659, 0.08120, 0.03837, 48.28%
Time spent: 8.52s
- Epoch 035, ExpID 48063
Train - Loss (one batch): 0.00999
Val - Loss, MSE, RMSE, MAE, MAPE: 0.00580, 0.00580, 0.07613, 0.04433, 147.94%
Test - Best epoch, Loss, MSE, RMSE, MAE, MAPE: 27, 0.00659, 0.00659, 0.08120, 0.03837, 48.28%
Time spent: 8.53s
- Epoch 036, ExpID 48063
Train - Loss (one batch): 0.00458
Val - Loss, MSE, RMSE, MAE, MAPE: 0.00568, 0.00568, 0.07537, 0.04207, 130.42%
Test - Best epoch, Loss, MSE, RMSE, MAE, MAPE: 27, 0.00659, 0.00659, 0.08120, 0.03837, 48.28%
Time spent: 8.53s
- Epoch 037, ExpID 48063
Train - Loss (one batch): 0.00218
Val - Loss, MSE, RMSE, MAE, MAPE: 0.00557, 0.00557, 0.07460, 0.03946, 95.21%
Test - Best epoch, Loss, MSE, RMSE, MAE, MAPE: 27, 0.00659, 0.00659, 0.08120, 0.03837, 48.28%
Time spent: 8.53s
