/home/ouass/Test/t-PatchGNN/tPatchGNN/run_models.py
2025-09-10 02:58:37
run_models.py --dataset physionet --state def --history 24 --patience 10 --batch_size 32 --lr 1e-3 --patch_size 12 --stride 6 --nhead 1 --tf_layer 1 --nlayer 1 --te_dim 10 --node_dim 10 --hid_dim 64 --outlayer Linear --seed 3 --gpu 0 --quantization 1.0 --save experiments/physio_ps12_s6_seed3
Namespace(state='def', n=100000000, hop=1, nhead=1, tf_layer=1, nlayer=1, epoch=1000, patience=10, history=24, patch_size=12.0, stride=6.0, logmode='a', lr=0.001, w_decay=0.0, batch_size=32, save='experiments/physio_ps12_s6_seed3', load=None, seed=3, dataset='physionet', quantization=1.0, model='tPatchGNN', outlayer='Linear', hid_dim=64, te_dim=10, node_dim=10, gpu='0', npatch=3, device=device(type='cuda'), PID=2726256, ndim=41)
- Epoch 000, ExpID 2762
Train - Loss (one batch): 0.00712
Val - Loss, MSE, RMSE, MAE, MAPE: 0.00796, 0.00796, 0.08925, 0.05386, 312.47%
Test - Best epoch, Loss, MSE, RMSE, MAE, MAPE: 0, 0.00917, 0.00917, 0.09576, 0.05404, 261.59%
Time spent: 9.48s
- Epoch 001, ExpID 2762
Train - Loss (one batch): 0.00556
Val - Loss, MSE, RMSE, MAE, MAPE: 0.00751, 0.00751, 0.08668, 0.05366, 206.20%
Test - Best epoch, Loss, MSE, RMSE, MAE, MAPE: 1, 0.00868, 0.00868, 0.09317, 0.05306, 182.89%
Time spent: 8.85s
- Epoch 002, ExpID 2762
Train - Loss (one batch): 0.00755
Val - Loss, MSE, RMSE, MAE, MAPE: 0.00602, 0.00602, 0.07758, 0.04504, 96.70%
Test - Best epoch, Loss, MSE, RMSE, MAE, MAPE: 2, 0.00727, 0.00727, 0.08528, 0.04462, 88.04%
Time spent: 8.75s
- Epoch 003, ExpID 2762
Train - Loss (one batch): 0.00477
Val - Loss, MSE, RMSE, MAE, MAPE: 0.00574, 0.00574, 0.07577, 0.04386, 100.48%
Test - Best epoch, Loss, MSE, RMSE, MAE, MAPE: 3, 0.00720, 0.00720, 0.08485, 0.04396, 95.09%
Time spent: 8.84s
- Epoch 004, ExpID 2762
Train - Loss (one batch): 0.00849
Val - Loss, MSE, RMSE, MAE, MAPE: 0.00608, 0.00608, 0.07797, 0.04387, 88.61%
Test - Best epoch, Loss, MSE, RMSE, MAE, MAPE: 3, 0.00720, 0.00720, 0.08485, 0.04396, 95.09%
Time spent: 7.70s
- Epoch 005, ExpID 2762
Train - Loss (one batch): 0.00525
Val - Loss, MSE, RMSE, MAE, MAPE: 0.00572, 0.00572, 0.07565, 0.04365, 92.29%
Test - Best epoch, Loss, MSE, RMSE, MAE, MAPE: 5, 0.00711, 0.00711, 0.08432, 0.04412, 81.17%
Time spent: 8.96s
- Epoch 006, ExpID 2762
Train - Loss (one batch): 0.00334
Val - Loss, MSE, RMSE, MAE, MAPE: 0.00543, 0.00543, 0.07368, 0.04061, 123.96%
Test - Best epoch, Loss, MSE, RMSE, MAE, MAPE: 6, 0.00668, 0.00668, 0.08172, 0.04058, 107.57%
Time spent: 8.88s
- Epoch 007, ExpID 2762
Train - Loss (one batch): 0.00415
Val - Loss, MSE, RMSE, MAE, MAPE: 0.00558, 0.00558, 0.07470, 0.04206, 130.24%
Test - Best epoch, Loss, MSE, RMSE, MAE, MAPE: 6, 0.00668, 0.00668, 0.08172, 0.04058, 107.57%
Time spent: 7.82s
- Epoch 008, ExpID 2762
Train - Loss (one batch): 0.00436
Val - Loss, MSE, RMSE, MAE, MAPE: 0.00585, 0.00585, 0.07646, 0.04155, 73.30%
Test - Best epoch, Loss, MSE, RMSE, MAE, MAPE: 6, 0.00668, 0.00668, 0.08172, 0.04058, 107.57%
Time spent: 7.70s
- Epoch 009, ExpID 2762
Train - Loss (one batch): 0.00547
Val - Loss, MSE, RMSE, MAE, MAPE: 0.00550, 0.00550, 0.07417, 0.03997, 102.83%
Test - Best epoch, Loss, MSE, RMSE, MAE, MAPE: 6, 0.00668, 0.00668, 0.08172, 0.04058, 107.57%
Time spent: 7.65s
- Epoch 010, ExpID 2762
Train - Loss (one batch): 0.00486
Val - Loss, MSE, RMSE, MAE, MAPE: 0.00572, 0.00572, 0.07563, 0.04397, 112.35%
Test - Best epoch, Loss, MSE, RMSE, MAE, MAPE: 6, 0.00668, 0.00668, 0.08172, 0.04058, 107.57%
Time spent: 7.72s
- Epoch 011, ExpID 2762
Train - Loss (one batch): 0.00629
Val - Loss, MSE, RMSE, MAE, MAPE: 0.00515, 0.00515, 0.07179, 0.03884, 61.82%
Test - Best epoch, Loss, MSE, RMSE, MAE, MAPE: 11, 0.00651, 0.00651, 0.08071, 0.03917, 53.14%
Time spent: 8.91s
- Epoch 012, ExpID 2762
Train - Loss (one batch): 0.00331
Val - Loss, MSE, RMSE, MAE, MAPE: 0.00529, 0.00529, 0.07270, 0.03888, 62.19%
Test - Best epoch, Loss, MSE, RMSE, MAE, MAPE: 11, 0.00651, 0.00651, 0.08071, 0.03917, 53.14%
Time spent: 7.61s
- Epoch 013, ExpID 2762
Train - Loss (one batch): 0.00431
Val - Loss, MSE, RMSE, MAE, MAPE: 0.00561, 0.00561, 0.07487, 0.04261, 148.43%
Test - Best epoch, Loss, MSE, RMSE, MAE, MAPE: 11, 0.00651, 0.00651, 0.08071, 0.03917, 53.14%
Time spent: 7.54s
- Epoch 014, ExpID 2762
Train - Loss (one batch): 0.00524
Val - Loss, MSE, RMSE, MAE, MAPE: 0.00507, 0.00507, 0.07120, 0.03864, 58.70%
Test - Best epoch, Loss, MSE, RMSE, MAE, MAPE: 14, 0.00649, 0.00649, 0.08053, 0.03917, 50.25%
Time spent: 8.63s
- Epoch 015, ExpID 2762
Train - Loss (one batch): 0.00516
Val - Loss, MSE, RMSE, MAE, MAPE: 0.00543, 0.00543, 0.07367, 0.04002, 76.76%
Test - Best epoch, Loss, MSE, RMSE, MAE, MAPE: 14, 0.00649, 0.00649, 0.08053, 0.03917, 50.25%
Time spent: 7.46s
- Epoch 016, ExpID 2762
Train - Loss (one batch): 0.00685
Val - Loss, MSE, RMSE, MAE, MAPE: 0.00579, 0.00579, 0.07611, 0.04062, 113.19%
Test - Best epoch, Loss, MSE, RMSE, MAE, MAPE: 14, 0.00649, 0.00649, 0.08053, 0.03917, 50.25%
Time spent: 7.48s
- Epoch 017, ExpID 2762
Train - Loss (one batch): 0.00314
Val - Loss, MSE, RMSE, MAE, MAPE: 0.00524, 0.00524, 0.07236, 0.03787, 53.78%
Test - Best epoch, Loss, MSE, RMSE, MAE, MAPE: 14, 0.00649, 0.00649, 0.08053, 0.03917, 50.25%
Time spent: 7.39s
- Epoch 018, ExpID 2762
Train - Loss (one batch): 0.00436
Val - Loss, MSE, RMSE, MAE, MAPE: 0.00559, 0.00559, 0.07479, 0.04310, 126.74%
Test - Best epoch, Loss, MSE, RMSE, MAE, MAPE: 14, 0.00649, 0.00649, 0.08053, 0.03917, 50.25%
Time spent: 7.53s
- Epoch 019, ExpID 2762
Train - Loss (one batch): 0.00850
Val - Loss, MSE, RMSE, MAE, MAPE: 0.00538, 0.00538, 0.07334, 0.04065, 124.48%
Test - Best epoch, Loss, MSE, RMSE, MAE, MAPE: 14, 0.00649, 0.00649, 0.08053, 0.03917, 50.25%
Time spent: 7.53s
- Epoch 020, ExpID 2762
Train - Loss (one batch): 0.00518
Val - Loss, MSE, RMSE, MAE, MAPE: 0.00554, 0.00554, 0.07442, 0.04123, 84.62%
Test - Best epoch, Loss, MSE, RMSE, MAE, MAPE: 14, 0.00649, 0.00649, 0.08053, 0.03917, 50.25%
Time spent: 7.45s
- Epoch 021, ExpID 2762
Train - Loss (one batch): 0.00431
Val - Loss, MSE, RMSE, MAE, MAPE: 0.00503, 0.00503, 0.07095, 0.03831, 68.79%
Test - Best epoch, Loss, MSE, RMSE, MAE, MAPE: 21, 0.00634, 0.00634, 0.07964, 0.03836, 57.32%
Time spent: 8.55s
- Epoch 022, ExpID 2762
Train - Loss (one batch): 0.00332
Val - Loss, MSE, RMSE, MAE, MAPE: 0.00557, 0.00557, 0.07465, 0.04287, 179.12%
Test - Best epoch, Loss, MSE, RMSE, MAE, MAPE: 21, 0.00634, 0.00634, 0.07964, 0.03836, 57.32%
Time spent: 7.47s
- Epoch 023, ExpID 2762
Train - Loss (one batch): 0.00673
Val - Loss, MSE, RMSE, MAE, MAPE: 0.00530, 0.00530, 0.07277, 0.04009, 129.21%
Test - Best epoch, Loss, MSE, RMSE, MAE, MAPE: 21, 0.00634, 0.00634, 0.07964, 0.03836, 57.32%
Time spent: 7.53s
- Epoch 024, ExpID 2762
Train - Loss (one batch): 0.00437
Val - Loss, MSE, RMSE, MAE, MAPE: 0.00528, 0.00528, 0.07267, 0.03925, 72.03%
Test - Best epoch, Loss, MSE, RMSE, MAE, MAPE: 21, 0.00634, 0.00634, 0.07964, 0.03836, 57.32%
Time spent: 7.45s
- Epoch 025, ExpID 2762
Train - Loss (one batch): 0.00341
Val - Loss, MSE, RMSE, MAE, MAPE: 0.00572, 0.00572, 0.07564, 0.04049, 104.87%
Test - Best epoch, Loss, MSE, RMSE, MAE, MAPE: 21, 0.00634, 0.00634, 0.07964, 0.03836, 57.32%
Time spent: 7.44s
- Epoch 026, ExpID 2762
Train - Loss (one batch): 0.00617
Val - Loss, MSE, RMSE, MAE, MAPE: 0.00541, 0.00541, 0.07356, 0.03991, 106.30%
Test - Best epoch, Loss, MSE, RMSE, MAE, MAPE: 21, 0.00634, 0.00634, 0.07964, 0.03836, 57.32%
Time spent: 7.43s
- Epoch 027, ExpID 2762
Train - Loss (one batch): 0.00462
Val - Loss, MSE, RMSE, MAE, MAPE: 0.00592, 0.00592, 0.07692, 0.04301, 62.80%
Test - Best epoch, Loss, MSE, RMSE, MAE, MAPE: 21, 0.00634, 0.00634, 0.07964, 0.03836, 57.32%
Time spent: 7.51s
- Epoch 028, ExpID 2762
Train - Loss (one batch): 0.00537
Val - Loss, MSE, RMSE, MAE, MAPE: 0.00537, 0.00537, 0.07329, 0.04157, 106.34%
Test - Best epoch, Loss, MSE, RMSE, MAE, MAPE: 21, 0.00634, 0.00634, 0.07964, 0.03836, 57.32%
Time spent: 7.45s
- Epoch 029, ExpID 2762
Train - Loss (one batch): 0.00573
Val - Loss, MSE, RMSE, MAE, MAPE: 0.00511, 0.00511, 0.07149, 0.03901, 91.37%
Test - Best epoch, Loss, MSE, RMSE, MAE, MAPE: 21, 0.00634, 0.00634, 0.07964, 0.03836, 57.32%
Time spent: 7.47s
- Epoch 030, ExpID 2762
Train - Loss (one batch): 0.00278
Val - Loss, MSE, RMSE, MAE, MAPE: 0.00522, 0.00522, 0.07224, 0.03759, 62.12%
Test - Best epoch, Loss, MSE, RMSE, MAE, MAPE: 21, 0.00634, 0.00634, 0.07964, 0.03836, 57.32%
Time spent: 7.43s
- Epoch 031, ExpID 2762
Train - Loss (one batch): 0.00456
Val - Loss, MSE, RMSE, MAE, MAPE: 0.00512, 0.00512, 0.07159, 0.03690, 94.38%
Test - Best epoch, Loss, MSE, RMSE, MAE, MAPE: 21, 0.00634, 0.00634, 0.07964, 0.03836, 57.32%
Time spent: 7.40s
