/home/ouass/Test/t-PatchGNN/tPatchGNN/run_models.py
2025-09-10 02:54:43
run_models.py --dataset physionet --state def --history 24 --patience 10 --batch_size 32 --lr 1e-3 --patch_size 8 --stride 4 --nhead 1 --tf_layer 1 --nlayer 1 --te_dim 10 --node_dim 10 --hid_dim 64 --outlayer Linear --seed 1 --gpu 0 --quantization 1.0 --save experiments/physio_ps8_s4_seed1
Namespace(state='def', n=100000000, hop=1, nhead=1, tf_layer=1, nlayer=1, epoch=1000, patience=10, history=24, patch_size=8.0, stride=4.0, logmode='a', lr=0.001, w_decay=0.0, batch_size=32, save='experiments/physio_ps8_s4_seed1', load=None, seed=1, dataset='physionet', quantization=1.0, model='tPatchGNN', outlayer='Linear', hid_dim=64, te_dim=10, node_dim=10, gpu='0', npatch=5, device=device(type='cuda'), PID=2725983, ndim=41)
- Epoch 000, ExpID 13699
Train - Loss (one batch): 0.00586
Val - Loss, MSE, RMSE, MAE, MAPE: 0.00752, 0.00752, 0.08673, 0.05257, 118.34%
Test - Best epoch, Loss, MSE, RMSE, MAE, MAPE: 0, 0.00912, 0.00912, 0.09549, 0.05367, 107.72%
Time spent: 14.19s
- Epoch 001, ExpID 13699
Train - Loss (one batch): 0.00492
Val - Loss, MSE, RMSE, MAE, MAPE: 0.00647, 0.00647, 0.08044, 0.04911, 189.57%
Test - Best epoch, Loss, MSE, RMSE, MAE, MAPE: 1, 0.00786, 0.00786, 0.08868, 0.04893, 172.25%
Time spent: 9.84s
- Epoch 002, ExpID 13699
Train - Loss (one batch): 0.00380
Val - Loss, MSE, RMSE, MAE, MAPE: 0.00586, 0.00586, 0.07656, 0.04417, 115.48%
Test - Best epoch, Loss, MSE, RMSE, MAE, MAPE: 2, 0.00714, 0.00714, 0.08449, 0.04378, 102.77%
Time spent: 9.80s
- Epoch 003, ExpID 13699
Train - Loss (one batch): 0.00659
Val - Loss, MSE, RMSE, MAE, MAPE: 0.00546, 0.00546, 0.07389, 0.04078, 72.97%
Test - Best epoch, Loss, MSE, RMSE, MAE, MAPE: 3, 0.00688, 0.00688, 0.08295, 0.04098, 67.99%
Time spent: 9.77s
- Epoch 004, ExpID 13699
Train - Loss (one batch): 0.00483
Val - Loss, MSE, RMSE, MAE, MAPE: 0.00557, 0.00557, 0.07461, 0.04243, 93.59%
Test - Best epoch, Loss, MSE, RMSE, MAE, MAPE: 3, 0.00688, 0.00688, 0.08295, 0.04098, 67.99%
Time spent: 8.48s
- Epoch 005, ExpID 13699
Train - Loss (one batch): 0.00447
Val - Loss, MSE, RMSE, MAE, MAPE: 0.00523, 0.00523, 0.07230, 0.04009, 136.66%
Test - Best epoch, Loss, MSE, RMSE, MAE, MAPE: 5, 0.00657, 0.00657, 0.08108, 0.03999, 126.85%
Time spent: 9.79s
- Epoch 006, ExpID 13699
Train - Loss (one batch): 0.01813
Val - Loss, MSE, RMSE, MAE, MAPE: 0.00593, 0.00593, 0.07699, 0.04517, 76.71%
Test - Best epoch, Loss, MSE, RMSE, MAE, MAPE: 5, 0.00657, 0.00657, 0.08108, 0.03999, 126.85%
Time spent: 8.47s
- Epoch 007, ExpID 13699
Train - Loss (one batch): 0.00382
Val - Loss, MSE, RMSE, MAE, MAPE: 0.00581, 0.00581, 0.07625, 0.04252, 90.23%
Test - Best epoch, Loss, MSE, RMSE, MAE, MAPE: 5, 0.00657, 0.00657, 0.08108, 0.03999, 126.85%
Time spent: 8.51s
- Epoch 008, ExpID 13699
Train - Loss (one batch): 0.00363
Val - Loss, MSE, RMSE, MAE, MAPE: 0.00587, 0.00587, 0.07660, 0.04205, 75.50%
Test - Best epoch, Loss, MSE, RMSE, MAE, MAPE: 5, 0.00657, 0.00657, 0.08108, 0.03999, 126.85%
Time spent: 8.51s
- Epoch 009, ExpID 13699
Train - Loss (one batch): 0.00658
Val - Loss, MSE, RMSE, MAE, MAPE: 0.00523, 0.00523, 0.07233, 0.03964, 129.79%
Test - Best epoch, Loss, MSE, RMSE, MAE, MAPE: 5, 0.00657, 0.00657, 0.08108, 0.03999, 126.85%
Time spent: 8.49s
- Epoch 010, ExpID 13699
Train - Loss (one batch): 0.00494
Val - Loss, MSE, RMSE, MAE, MAPE: 0.00587, 0.00587, 0.07664, 0.04432, 148.91%
Test - Best epoch, Loss, MSE, RMSE, MAE, MAPE: 5, 0.00657, 0.00657, 0.08108, 0.03999, 126.85%
Time spent: 8.49s
- Epoch 011, ExpID 13699
Train - Loss (one batch): 0.00447
Val - Loss, MSE, RMSE, MAE, MAPE: 0.00528, 0.00528, 0.07265, 0.03936, 91.57%
Test - Best epoch, Loss, MSE, RMSE, MAE, MAPE: 5, 0.00657, 0.00657, 0.08108, 0.03999, 126.85%
Time spent: 8.47s
- Epoch 012, ExpID 13699
Train - Loss (one batch): 0.00400
Val - Loss, MSE, RMSE, MAE, MAPE: 0.00517, 0.00517, 0.07190, 0.03948, 118.92%
Test - Best epoch, Loss, MSE, RMSE, MAE, MAPE: 12, 0.00644, 0.00644, 0.08027, 0.03921, 109.11%
Time spent: 9.77s
- Epoch 013, ExpID 13699
Train - Loss (one batch): 0.00443
Val - Loss, MSE, RMSE, MAE, MAPE: 0.00523, 0.00523, 0.07229, 0.03960, 116.21%
Test - Best epoch, Loss, MSE, RMSE, MAE, MAPE: 12, 0.00644, 0.00644, 0.08027, 0.03921, 109.11%
Time spent: 8.48s
- Epoch 014, ExpID 13699
Train - Loss (one batch): 0.00562
Val - Loss, MSE, RMSE, MAE, MAPE: 0.00545, 0.00545, 0.07381, 0.04270, 116.42%
Test - Best epoch, Loss, MSE, RMSE, MAE, MAPE: 12, 0.00644, 0.00644, 0.08027, 0.03921, 109.11%
Time spent: 8.49s
- Epoch 015, ExpID 13699
Train - Loss (one batch): 0.00296
Val - Loss, MSE, RMSE, MAE, MAPE: 0.00536, 0.00536, 0.07322, 0.04068, 86.93%
Test - Best epoch, Loss, MSE, RMSE, MAE, MAPE: 12, 0.00644, 0.00644, 0.08027, 0.03921, 109.11%
Time spent: 8.49s
- Epoch 016, ExpID 13699
Train - Loss (one batch): 0.00412
Val - Loss, MSE, RMSE, MAE, MAPE: 0.00527, 0.00527, 0.07257, 0.03942, 80.19%
Test - Best epoch, Loss, MSE, RMSE, MAE, MAPE: 12, 0.00644, 0.00644, 0.08027, 0.03921, 109.11%
Time spent: 8.50s
- Epoch 017, ExpID 13699
Train - Loss (one batch): 0.00486
Val - Loss, MSE, RMSE, MAE, MAPE: 0.00564, 0.00564, 0.07513, 0.04255, 59.75%
Test - Best epoch, Loss, MSE, RMSE, MAE, MAPE: 12, 0.00644, 0.00644, 0.08027, 0.03921, 109.11%
Time spent: 8.50s
- Epoch 018, ExpID 13699
Train - Loss (one batch): 0.00599
Val - Loss, MSE, RMSE, MAE, MAPE: 0.00521, 0.00521, 0.07215, 0.03899, 101.56%
Test - Best epoch, Loss, MSE, RMSE, MAE, MAPE: 12, 0.00644, 0.00644, 0.08027, 0.03921, 109.11%
Time spent: 8.52s
- Epoch 019, ExpID 13699
Train - Loss (one batch): 0.00386
Val - Loss, MSE, RMSE, MAE, MAPE: 0.00541, 0.00541, 0.07357, 0.04029, 106.62%
Test - Best epoch, Loss, MSE, RMSE, MAE, MAPE: 12, 0.00644, 0.00644, 0.08027, 0.03921, 109.11%
Time spent: 8.50s
- Epoch 020, ExpID 13699
Train - Loss (one batch): 0.00704
Val - Loss, MSE, RMSE, MAE, MAPE: 0.00594, 0.00594, 0.07710, 0.04257, 91.09%
Test - Best epoch, Loss, MSE, RMSE, MAE, MAPE: 12, 0.00644, 0.00644, 0.08027, 0.03921, 109.11%
Time spent: 8.35s
- Epoch 021, ExpID 13699
Train - Loss (one batch): 0.00712
Val - Loss, MSE, RMSE, MAE, MAPE: 0.00554, 0.00554, 0.07444, 0.04388, 131.04%
Test - Best epoch, Loss, MSE, RMSE, MAE, MAPE: 12, 0.00644, 0.00644, 0.08027, 0.03921, 109.11%
Time spent: 8.40s
- Epoch 022, ExpID 13699
Train - Loss (one batch): 0.00581
Val - Loss, MSE, RMSE, MAE, MAPE: 0.00537, 0.00537, 0.07327, 0.04030, 96.95%
Test - Best epoch, Loss, MSE, RMSE, MAE, MAPE: 12, 0.00644, 0.00644, 0.08027, 0.03921, 109.11%
Time spent: 8.39s
