/home/ouass/Test/t-PatchGNN/tPatchGNN/run_models.py
2025-09-10 02:54:44
run_models.py --dataset physionet --state def --history 24 --patience 10 --batch_size 32 --lr 1e-3 --patch_size 12 --stride 6 --nhead 1 --tf_layer 1 --nlayer 1 --te_dim 10 --node_dim 10 --hid_dim 64 --outlayer Linear --seed 1 --gpu 0 --quantization 1.0 --save experiments/physio_ps12_s6_seed1
Namespace(state='def', n=100000000, hop=1, nhead=1, tf_layer=1, nlayer=1, epoch=1000, patience=10, history=24, patch_size=12.0, stride=6.0, logmode='a', lr=0.001, w_decay=0.0, batch_size=32, save='experiments/physio_ps12_s6_seed1', load=None, seed=1, dataset='physionet', quantization=1.0, model='tPatchGNN', outlayer='Linear', hid_dim=64, te_dim=10, node_dim=10, gpu='0', npatch=3, device=device(type='cuda'), PID=2725986, ndim=41)
- Epoch 000, ExpID 45567
Train - Loss (one batch): 0.00530
Val - Loss, MSE, RMSE, MAE, MAPE: 0.00794, 0.00794, 0.08912, 0.05321, 115.32%
Test - Best epoch, Loss, MSE, RMSE, MAE, MAPE: 0, 0.00949, 0.00949, 0.09741, 0.05387, 98.64%
Time spent: 13.33s
- Epoch 001, ExpID 45567
Train - Loss (one batch): 0.00800
Val - Loss, MSE, RMSE, MAE, MAPE: 0.00673, 0.00673, 0.08205, 0.04924, 98.27%
Test - Best epoch, Loss, MSE, RMSE, MAE, MAPE: 1, 0.00808, 0.00808, 0.08991, 0.04922, 85.89%
Time spent: 8.96s
- Epoch 002, ExpID 45567
Train - Loss (one batch): 0.00812
Val - Loss, MSE, RMSE, MAE, MAPE: 0.00583, 0.00583, 0.07636, 0.04349, 122.30%
Test - Best epoch, Loss, MSE, RMSE, MAE, MAPE: 2, 0.00717, 0.00717, 0.08467, 0.04347, 107.69%
Time spent: 8.78s
- Epoch 003, ExpID 45567
Train - Loss (one batch): 0.00699
Val - Loss, MSE, RMSE, MAE, MAPE: 0.00745, 0.00745, 0.08630, 0.05034, 98.09%
Test - Best epoch, Loss, MSE, RMSE, MAE, MAPE: 2, 0.00717, 0.00717, 0.08467, 0.04347, 107.69%
Time spent: 7.73s
- Epoch 004, ExpID 45567
Train - Loss (one batch): 0.00450
Val - Loss, MSE, RMSE, MAE, MAPE: 0.00622, 0.00622, 0.07885, 0.04877, 187.36%
Test - Best epoch, Loss, MSE, RMSE, MAE, MAPE: 2, 0.00717, 0.00717, 0.08467, 0.04347, 107.69%
Time spent: 8.81s
- Epoch 005, ExpID 45567
Train - Loss (one batch): 0.00452
Val - Loss, MSE, RMSE, MAE, MAPE: 0.00620, 0.00620, 0.07875, 0.04707, 112.86%
Test - Best epoch, Loss, MSE, RMSE, MAE, MAPE: 2, 0.00717, 0.00717, 0.08467, 0.04347, 107.69%
Time spent: 8.16s
- Epoch 006, ExpID 45567
Train - Loss (one batch): 0.00460
Val - Loss, MSE, RMSE, MAE, MAPE: 0.00570, 0.00570, 0.07553, 0.04200, 77.49%
Test - Best epoch, Loss, MSE, RMSE, MAE, MAPE: 6, 0.00703, 0.00703, 0.08385, 0.04262, 69.68%
Time spent: 9.41s
- Epoch 007, ExpID 45567
Train - Loss (one batch): 0.00459
Val - Loss, MSE, RMSE, MAE, MAPE: 0.00583, 0.00583, 0.07635, 0.04405, 118.70%
Test - Best epoch, Loss, MSE, RMSE, MAE, MAPE: 6, 0.00703, 0.00703, 0.08385, 0.04262, 69.68%
Time spent: 7.65s
- Epoch 008, ExpID 45567
Train - Loss (one batch): 0.00347
Val - Loss, MSE, RMSE, MAE, MAPE: 0.00560, 0.00560, 0.07484, 0.04270, 110.71%
Test - Best epoch, Loss, MSE, RMSE, MAE, MAPE: 8, 0.00693, 0.00693, 0.08323, 0.04275, 98.20%
Time spent: 8.99s
- Epoch 009, ExpID 45567
Train - Loss (one batch): 0.00432
Val - Loss, MSE, RMSE, MAE, MAPE: 0.00528, 0.00528, 0.07268, 0.04035, 104.53%
Test - Best epoch, Loss, MSE, RMSE, MAE, MAPE: 9, 0.00657, 0.00657, 0.08104, 0.04016, 91.24%
Time spent: 9.13s
- Epoch 010, ExpID 45567
Train - Loss (one batch): 0.00632
Val - Loss, MSE, RMSE, MAE, MAPE: 0.00540, 0.00540, 0.07349, 0.04045, 53.27%
Test - Best epoch, Loss, MSE, RMSE, MAE, MAPE: 9, 0.00657, 0.00657, 0.08104, 0.04016, 91.24%
Time spent: 7.89s
- Epoch 011, ExpID 45567
Train - Loss (one batch): 0.00657
Val - Loss, MSE, RMSE, MAE, MAPE: 0.00546, 0.00546, 0.07389, 0.04188, 65.68%
Test - Best epoch, Loss, MSE, RMSE, MAE, MAPE: 9, 0.00657, 0.00657, 0.08104, 0.04016, 91.24%
Time spent: 8.61s
- Epoch 012, ExpID 45567
Train - Loss (one batch): 0.00388
Val - Loss, MSE, RMSE, MAE, MAPE: 0.00564, 0.00564, 0.07510, 0.04170, 73.59%
Test - Best epoch, Loss, MSE, RMSE, MAE, MAPE: 9, 0.00657, 0.00657, 0.08104, 0.04016, 91.24%
Time spent: 7.75s
- Epoch 013, ExpID 45567
Train - Loss (one batch): 0.00426
Val - Loss, MSE, RMSE, MAE, MAPE: 0.00533, 0.00533, 0.07298, 0.03901, 99.20%
Test - Best epoch, Loss, MSE, RMSE, MAE, MAPE: 9, 0.00657, 0.00657, 0.08104, 0.04016, 91.24%
Time spent: 8.28s
- Epoch 014, ExpID 45567
Train - Loss (one batch): 0.00331
Val - Loss, MSE, RMSE, MAE, MAPE: 0.00512, 0.00512, 0.07158, 0.03861, 89.34%
Test - Best epoch, Loss, MSE, RMSE, MAE, MAPE: 14, 0.00643, 0.00643, 0.08019, 0.03862, 78.20%
Time spent: 9.32s
- Epoch 015, ExpID 45567
Train - Loss (one batch): 0.00469
Val - Loss, MSE, RMSE, MAE, MAPE: 0.00533, 0.00533, 0.07299, 0.04026, 49.29%
Test - Best epoch, Loss, MSE, RMSE, MAE, MAPE: 14, 0.00643, 0.00643, 0.08019, 0.03862, 78.20%
Time spent: 8.14s
- Epoch 016, ExpID 45567
Train - Loss (one batch): 0.00339
Val - Loss, MSE, RMSE, MAE, MAPE: 0.00571, 0.00571, 0.07553, 0.04366, 78.45%
Test - Best epoch, Loss, MSE, RMSE, MAE, MAPE: 14, 0.00643, 0.00643, 0.08019, 0.03862, 78.20%
Time spent: 8.39s
- Epoch 017, ExpID 45567
Train - Loss (one batch): 0.00373
Val - Loss, MSE, RMSE, MAE, MAPE: 0.00542, 0.00542, 0.07361, 0.03958, 89.65%
Test - Best epoch, Loss, MSE, RMSE, MAE, MAPE: 14, 0.00643, 0.00643, 0.08019, 0.03862, 78.20%
Time spent: 8.15s
- Epoch 018, ExpID 45567
Train - Loss (one batch): 0.00506
Val - Loss, MSE, RMSE, MAE, MAPE: 0.00562, 0.00562, 0.07497, 0.04085, 109.08%
Test - Best epoch, Loss, MSE, RMSE, MAE, MAPE: 14, 0.00643, 0.00643, 0.08019, 0.03862, 78.20%
Time spent: 7.59s
- Epoch 019, ExpID 45567
Train - Loss (one batch): 0.00558
Val - Loss, MSE, RMSE, MAE, MAPE: 0.00545, 0.00545, 0.07380, 0.04024, 53.14%
Test - Best epoch, Loss, MSE, RMSE, MAE, MAPE: 14, 0.00643, 0.00643, 0.08019, 0.03862, 78.20%
Time spent: 7.92s
- Epoch 020, ExpID 45567
Train - Loss (one batch): 0.00467
Val - Loss, MSE, RMSE, MAE, MAPE: 0.00543, 0.00543, 0.07369, 0.03979, 79.80%
Test - Best epoch, Loss, MSE, RMSE, MAE, MAPE: 14, 0.00643, 0.00643, 0.08019, 0.03862, 78.20%
Time spent: 8.70s
- Epoch 021, ExpID 45567
Train - Loss (one batch): 0.00759
Val - Loss, MSE, RMSE, MAE, MAPE: 0.00549, 0.00549, 0.07408, 0.04191, 123.70%
Test - Best epoch, Loss, MSE, RMSE, MAE, MAPE: 14, 0.00643, 0.00643, 0.08019, 0.03862, 78.20%
Time spent: 7.69s
- Epoch 022, ExpID 45567
Train - Loss (one batch): 0.00349
Val - Loss, MSE, RMSE, MAE, MAPE: 0.00539, 0.00539, 0.07345, 0.03985, 75.11%
Test - Best epoch, Loss, MSE, RMSE, MAE, MAPE: 14, 0.00643, 0.00643, 0.08019, 0.03862, 78.20%
Time spent: 8.35s
- Epoch 023, ExpID 45567
Train - Loss (one batch): 0.00355
Val - Loss, MSE, RMSE, MAE, MAPE: 0.00531, 0.00531, 0.07284, 0.03825, 95.32%
Test - Best epoch, Loss, MSE, RMSE, MAE, MAPE: 14, 0.00643, 0.00643, 0.08019, 0.03862, 78.20%
Time spent: 7.86s
- Epoch 024, ExpID 45567
Train - Loss (one batch): 0.00697
Val - Loss, MSE, RMSE, MAE, MAPE: 0.00520, 0.00520, 0.07213, 0.03869, 110.97%
Test - Best epoch, Loss, MSE, RMSE, MAE, MAPE: 14, 0.00643, 0.00643, 0.08019, 0.03862, 78.20%
Time spent: 8.48s
