/home/ouass/Test/t-PatchGNN/tPatchGNN/run_models.py
2025-09-17 01:09:09
run_models.py --dataset physionet --history 24 --quantization 1.0 --hid_dim 64 --te_dim 10 --node_dim 10 --nlayer 1 --tf_layer 1 --nhead 1 --batch_size 32 --lr 1e-3 --patience 60 --epoch 600 --seed 4 --gpu 0 --multi_scales 2,8,24 --multi_strides 1,4,12 --fusion concat
Namespace(multi_scales='2,8,24', multi_strides='1,4,12', fusion='concat', state='def', n=100000000, hop=1, nhead=1, tf_layer=1, nlayer=1, epoch=600, patience=60, history=24, patch_size=24, stride=24, logmode='a', lr=0.001, w_decay=0.0, batch_size=32, save='experiments/', load=None, seed=4, dataset='physionet', quantization=1.0, model='tPatchGNN', outlayer='Linear', hid_dim=64, te_dim=10, node_dim=10, gpu='0', npatch=1, device=device(type='cuda'), PID=2809081, ndim=41)
- Epoch 000, ExpID 92267
Train - Loss (one batch): 0.00489
Val - Loss, MSE, RMSE, MAE, MAPE: 0.00510, 0.00510, 0.07117, 0.04388, 12496907.98%
Test - Best epoch, Loss, MSE, RMSE, MAE, MAPE: 0, 0.00548, 0.00548, 0.07291, 0.04382, 11575229.81%
Time spent: 41.24s
- Epoch 001, ExpID 92267
Train - Loss (one batch): 0.00427
Val - Loss, MSE, RMSE, MAE, MAPE: 0.00594, 0.00594, 0.07689, 0.04733, 12368509.93%
Test - Best epoch, Loss, MSE, RMSE, MAE, MAPE: 0, 0.00548, 0.00548, 0.07291, 0.04382, 11575229.81%
Time spent: 35.92s
- Epoch 002, ExpID 92267
Train - Loss (one batch): 0.00465
Val - Loss, MSE, RMSE, MAE, MAPE: 0.00452, 0.00452, 0.06699, 0.04027, 9790427.10%
Test - Best epoch, Loss, MSE, RMSE, MAE, MAPE: 2, 0.00490, 0.00490, 0.06877, 0.04022, 8851096.76%
Time spent: 40.66s
- Epoch 003, ExpID 92267
Train - Loss (one batch): 0.00448
Val - Loss, MSE, RMSE, MAE, MAPE: 0.00446, 0.00446, 0.06656, 0.03937, 10022182.20%
Test - Best epoch, Loss, MSE, RMSE, MAE, MAPE: 3, 0.00486, 0.00486, 0.06842, 0.03945, 8981816.84%
Time spent: 40.68s
- Epoch 004, ExpID 92267
Train - Loss (one batch): 0.00529
Val - Loss, MSE, RMSE, MAE, MAPE: 0.00445, 0.00445, 0.06647, 0.03890, 9854213.71%
Test - Best epoch, Loss, MSE, RMSE, MAE, MAPE: 4, 0.00484, 0.00484, 0.06829, 0.03894, 8899788.76%
Time spent: 40.65s
- Epoch 005, ExpID 92267
Train - Loss (one batch): 0.00456
Val - Loss, MSE, RMSE, MAE, MAPE: 0.00492, 0.00492, 0.06993, 0.04265, 10582412.41%
Test - Best epoch, Loss, MSE, RMSE, MAE, MAPE: 4, 0.00484, 0.00484, 0.06829, 0.03894, 8899788.76%
Time spent: 36.07s
- Epoch 006, ExpID 92267
Train - Loss (one batch): 0.00345
Val - Loss, MSE, RMSE, MAE, MAPE: 0.00433, 0.00433, 0.06555, 0.03835, 9805619.45%
Test - Best epoch, Loss, MSE, RMSE, MAE, MAPE: 6, 0.00472, 0.00472, 0.06737, 0.03845, 8832423.30%
Time spent: 40.72s
- Epoch 007, ExpID 92267
Train - Loss (one batch): 0.00342
Val - Loss, MSE, RMSE, MAE, MAPE: 0.00509, 0.00509, 0.07116, 0.04405, 11026443.81%
Test - Best epoch, Loss, MSE, RMSE, MAE, MAPE: 6, 0.00472, 0.00472, 0.06737, 0.03845, 8832423.30%
Time spent: 36.03s
- Epoch 008, ExpID 92267
Train - Loss (one batch): 0.00693
Val - Loss, MSE, RMSE, MAE, MAPE: 0.00494, 0.00494, 0.07011, 0.04359, 10536230.34%
Test - Best epoch, Loss, MSE, RMSE, MAE, MAPE: 6, 0.00472, 0.00472, 0.06737, 0.03845, 8832423.30%
Time spent: 36.07s
- Epoch 009, ExpID 92267
Train - Loss (one batch): 0.00482
Val - Loss, MSE, RMSE, MAE, MAPE: 0.00458, 0.00458, 0.06748, 0.04000, 10913269.93%
Test - Best epoch, Loss, MSE, RMSE, MAE, MAPE: 6, 0.00472, 0.00472, 0.06737, 0.03845, 8832423.30%
Time spent: 36.09s
- Epoch 010, ExpID 92267
Train - Loss (one batch): 0.00392
Val - Loss, MSE, RMSE, MAE, MAPE: 0.00465, 0.00465, 0.06795, 0.04136, 9802642.48%
Test - Best epoch, Loss, MSE, RMSE, MAE, MAPE: 6, 0.00472, 0.00472, 0.06737, 0.03845, 8832423.30%
Time spent: 36.05s
- Epoch 011, ExpID 92267
Train - Loss (one batch): 0.00334
Val - Loss, MSE, RMSE, MAE, MAPE: 0.00469, 0.00469, 0.06829, 0.04104, 10513272.50%
Test - Best epoch, Loss, MSE, RMSE, MAE, MAPE: 6, 0.00472, 0.00472, 0.06737, 0.03845, 8832423.30%
Time spent: 36.10s
- Epoch 012, ExpID 92267
Train - Loss (one batch): 0.00362
Val - Loss, MSE, RMSE, MAE, MAPE: 0.00426, 0.00426, 0.06502, 0.03731, 10064384.76%
Test - Best epoch, Loss, MSE, RMSE, MAE, MAPE: 12, 0.00460, 0.00460, 0.06653, 0.03729, 9030468.30%
Time spent: 40.73s
- Epoch 013, ExpID 92267
Train - Loss (one batch): 0.00458
Val - Loss, MSE, RMSE, MAE, MAPE: 0.00433, 0.00433, 0.06562, 0.03876, 9606934.04%
Test - Best epoch, Loss, MSE, RMSE, MAE, MAPE: 12, 0.00460, 0.00460, 0.06653, 0.03729, 9030468.30%
Time spent: 36.06s
- Epoch 014, ExpID 92267
Train - Loss (one batch): 0.00333
Val - Loss, MSE, RMSE, MAE, MAPE: 0.00425, 0.00425, 0.06497, 0.03769, 10409806.90%
Test - Best epoch, Loss, MSE, RMSE, MAE, MAPE: 14, 0.00459, 0.00459, 0.06647, 0.03767, 9563131.03%
Time spent: 40.75s
- Epoch 015, ExpID 92267
Train - Loss (one batch): 0.00315
Val - Loss, MSE, RMSE, MAE, MAPE: 0.00418, 0.00418, 0.06440, 0.03719, 9872790.40%
Test - Best epoch, Loss, MSE, RMSE, MAE, MAPE: 15, 0.00451, 0.00451, 0.06585, 0.03722, 8986757.97%
Time spent: 40.71s
- Epoch 016, ExpID 92267
Train - Loss (one batch): 0.00300
Val - Loss, MSE, RMSE, MAE, MAPE: 0.00422, 0.00422, 0.06472, 0.03765, 9351255.54%
Test - Best epoch, Loss, MSE, RMSE, MAE, MAPE: 15, 0.00451, 0.00451, 0.06585, 0.03722, 8986757.97%
Time spent: 36.14s
- Epoch 017, ExpID 92267
Train - Loss (one batch): 0.00427
Val - Loss, MSE, RMSE, MAE, MAPE: 0.00411, 0.00411, 0.06386, 0.03616, 11405112.29%
Test - Best epoch, Loss, MSE, RMSE, MAE, MAPE: 17, 0.00444, 0.00444, 0.06528, 0.03612, 10357119.32%
Time spent: 40.87s
- Epoch 018, ExpID 92267
Train - Loss (one batch): 0.00388
Val - Loss, MSE, RMSE, MAE, MAPE: 0.00431, 0.00431, 0.06541, 0.03890, 9951798.94%
Test - Best epoch, Loss, MSE, RMSE, MAE, MAPE: 17, 0.00444, 0.00444, 0.06528, 0.03612, 10357119.32%
Time spent: 36.20s
- Epoch 019, ExpID 92267
Train - Loss (one batch): 0.00358
Val - Loss, MSE, RMSE, MAE, MAPE: 0.00425, 0.00425, 0.06500, 0.03798, 10641441.05%
Test - Best epoch, Loss, MSE, RMSE, MAE, MAPE: 17, 0.00444, 0.00444, 0.06528, 0.03612, 10357119.32%
Time spent: 36.27s
- Epoch 020, ExpID 92267
Train - Loss (one batch): 0.00356
Val - Loss, MSE, RMSE, MAE, MAPE: 0.00464, 0.00464, 0.06791, 0.04223, 10641709.28%
Test - Best epoch, Loss, MSE, RMSE, MAE, MAPE: 17, 0.00444, 0.00444, 0.06528, 0.03612, 10357119.32%
Time spent: 36.21s
- Epoch 021, ExpID 92267
Train - Loss (one batch): 0.00322
Val - Loss, MSE, RMSE, MAE, MAPE: 0.00442, 0.00442, 0.06625, 0.03940, 10081045.64%
Test - Best epoch, Loss, MSE, RMSE, MAE, MAPE: 17, 0.00444, 0.00444, 0.06528, 0.03612, 10357119.32%
Time spent: 36.27s
- Epoch 022, ExpID 92267
Train - Loss (one batch): 0.00439
Val - Loss, MSE, RMSE, MAE, MAPE: 0.00415, 0.00415, 0.06415, 0.03703, 10730328.91%
Test - Best epoch, Loss, MSE, RMSE, MAE, MAPE: 17, 0.00444, 0.00444, 0.06528, 0.03612, 10357119.32%
Time spent: 36.17s
- Epoch 023, ExpID 92267
Train - Loss (one batch): 0.00432
Val - Loss, MSE, RMSE, MAE, MAPE: 0.00415, 0.00415, 0.06421, 0.03821, 10828353.60%
Test - Best epoch, Loss, MSE, RMSE, MAE, MAPE: 17, 0.00444, 0.00444, 0.06528, 0.03612, 10357119.32%
Time spent: 36.21s
- Epoch 024, ExpID 92267
Train - Loss (one batch): 0.00323
Val - Loss, MSE, RMSE, MAE, MAPE: 0.00418, 0.00418, 0.06440, 0.03751, 11584129.57%
Test - Best epoch, Loss, MSE, RMSE, MAE, MAPE: 17, 0.00444, 0.00444, 0.06528, 0.03612, 10357119.32%
Time spent: 36.23s
- Epoch 025, ExpID 92267
Train - Loss (one batch): 0.00422
Val - Loss, MSE, RMSE, MAE, MAPE: 0.00441, 0.00441, 0.06618, 0.03974, 10183250.93%
Test - Best epoch, Loss, MSE, RMSE, MAE, MAPE: 17, 0.00444, 0.00444, 0.06528, 0.03612, 10357119.32%
Time spent: 36.20s
- Epoch 026, ExpID 92267
Train - Loss (one batch): 0.00365
Val - Loss, MSE, RMSE, MAE, MAPE: 0.00451, 0.00451, 0.06693, 0.04111, 11052895.81%
Test - Best epoch, Loss, MSE, RMSE, MAE, MAPE: 17, 0.00444, 0.00444, 0.06528, 0.03612, 10357119.32%
Time spent: 36.23s
- Epoch 027, ExpID 92267
Train - Loss (one batch): 0.00418
Val - Loss, MSE, RMSE, MAE, MAPE: 0.00440, 0.00440, 0.06611, 0.04047, 9485857.67%
Test - Best epoch, Loss, MSE, RMSE, MAE, MAPE: 17, 0.00444, 0.00444, 0.06528, 0.03612, 10357119.32%
Time spent: 36.19s
- Epoch 028, ExpID 92267
Train - Loss (one batch): 0.00338
Val - Loss, MSE, RMSE, MAE, MAPE: 0.00449, 0.00449, 0.06684, 0.04008, 9802520.65%
Test - Best epoch, Loss, MSE, RMSE, MAE, MAPE: 17, 0.00444, 0.00444, 0.06528, 0.03612, 10357119.32%
Time spent: 36.23s
- Epoch 029, ExpID 92267
Train - Loss (one batch): 0.00496
Val - Loss, MSE, RMSE, MAE, MAPE: 0.00436, 0.00436, 0.06583, 0.03885, 9874879.26%
Test - Best epoch, Loss, MSE, RMSE, MAE, MAPE: 17, 0.00444, 0.00444, 0.06528, 0.03612, 10357119.32%
Time spent: 36.19s
- Epoch 030, ExpID 92267
Train - Loss (one batch): 0.00309
Val - Loss, MSE, RMSE, MAE, MAPE: 0.00419, 0.00419, 0.06448, 0.03756, 9054043.41%
Test - Best epoch, Loss, MSE, RMSE, MAE, MAPE: 17, 0.00444, 0.00444, 0.06528, 0.03612, 10357119.32%
Time spent: 36.20s
- Epoch 031, ExpID 92267
Train - Loss (one batch): 0.00342
Val - Loss, MSE, RMSE, MAE, MAPE: 0.00452, 0.00452, 0.06704, 0.04067, 10436454.15%
Test - Best epoch, Loss, MSE, RMSE, MAE, MAPE: 17, 0.00444, 0.00444, 0.06528, 0.03612, 10357119.32%
Time spent: 36.20s
- Epoch 032, ExpID 92267
Train - Loss (one batch): 0.00390
Val - Loss, MSE, RMSE, MAE, MAPE: 0.00429, 0.00429, 0.06528, 0.03832, 9851485.08%
Test - Best epoch, Loss, MSE, RMSE, MAE, MAPE: 17, 0.00444, 0.00444, 0.06528, 0.03612, 10357119.32%
Time spent: 36.18s
- Epoch 033, ExpID 92267
Train - Loss (one batch): 0.00360
Val - Loss, MSE, RMSE, MAE, MAPE: 0.00448, 0.00448, 0.06671, 0.03943, 10547660.79%
Test - Best epoch, Loss, MSE, RMSE, MAE, MAPE: 17, 0.00444, 0.00444, 0.06528, 0.03612, 10357119.32%
Time spent: 36.19s
- Epoch 034, ExpID 92267
Train - Loss (one batch): 0.00303
Val - Loss, MSE, RMSE, MAE, MAPE: 0.00441, 0.00441, 0.06621, 0.03922, 9549705.13%
Test - Best epoch, Loss, MSE, RMSE, MAE, MAPE: 17, 0.00444, 0.00444, 0.06528, 0.03612, 10357119.32%
Time spent: 36.23s
- Epoch 035, ExpID 92267
Train - Loss (one batch): 0.00392
Val - Loss, MSE, RMSE, MAE, MAPE: 0.00468, 0.00468, 0.06821, 0.04135, 10370898.71%
Test - Best epoch, Loss, MSE, RMSE, MAE, MAPE: 17, 0.00444, 0.00444, 0.06528, 0.03612, 10357119.32%
Time spent: 36.24s
- Epoch 036, ExpID 92267
Train - Loss (one batch): 0.00386
Val - Loss, MSE, RMSE, MAE, MAPE: 0.00418, 0.00418, 0.06443, 0.03831, 9050831.96%
Test - Best epoch, Loss, MSE, RMSE, MAE, MAPE: 17, 0.00444, 0.00444, 0.06528, 0.03612, 10357119.32%
Time spent: 36.24s
- Epoch 037, ExpID 92267
Train - Loss (one batch): 0.00321
Val - Loss, MSE, RMSE, MAE, MAPE: 0.00426, 0.00426, 0.06500, 0.03755, 10123506.96%
Test - Best epoch, Loss, MSE, RMSE, MAE, MAPE: 17, 0.00444, 0.00444, 0.06528, 0.03612, 10357119.32%
Time spent: 36.16s
- Epoch 038, ExpID 92267
Train - Loss (one batch): 0.00395
Val - Loss, MSE, RMSE, MAE, MAPE: 0.00434, 0.00434, 0.06565, 0.03936, 10066254.52%
Test - Best epoch, Loss, MSE, RMSE, MAE, MAPE: 17, 0.00444, 0.00444, 0.06528, 0.03612, 10357119.32%
Time spent: 36.17s
- Epoch 039, ExpID 92267
Train - Loss (one batch): 0.00377
Val - Loss, MSE, RMSE, MAE, MAPE: 0.00409, 0.00409, 0.06367, 0.03614, 9930267.35%
Test - Best epoch, Loss, MSE, RMSE, MAE, MAPE: 39, 0.00441, 0.00441, 0.06509, 0.03616, 8884839.19%
Time spent: 40.89s
- Epoch 040, ExpID 92267
Train - Loss (one batch): 0.00313
Val - Loss, MSE, RMSE, MAE, MAPE: 0.00406, 0.00406, 0.06351, 0.03630, 10287318.61%
Test - Best epoch, Loss, MSE, RMSE, MAE, MAPE: 40, 0.00437, 0.00437, 0.06483, 0.03626, 9445764.03%
Time spent: 40.91s
- Epoch 041, ExpID 92267
Train - Loss (one batch): 0.00514
Val - Loss, MSE, RMSE, MAE, MAPE: 0.00414, 0.00414, 0.06416, 0.03707, 9654019.47%
Test - Best epoch, Loss, MSE, RMSE, MAE, MAPE: 40, 0.00437, 0.00437, 0.06483, 0.03626, 9445764.03%
Time spent: 36.22s
- Epoch 042, ExpID 92267
Train - Loss (one batch): 0.00376
Val - Loss, MSE, RMSE, MAE, MAPE: 0.00431, 0.00431, 0.06542, 0.03880, 10496457.34%
Test - Best epoch, Loss, MSE, RMSE, MAE, MAPE: 40, 0.00437, 0.00437, 0.06483, 0.03626, 9445764.03%
Time spent: 36.18s
- Epoch 043, ExpID 92267
Train - Loss (one batch): 0.00512
Val - Loss, MSE, RMSE, MAE, MAPE: 0.00438, 0.00438, 0.06596, 0.03951, 9561537.76%
Test - Best epoch, Loss, MSE, RMSE, MAE, MAPE: 40, 0.00437, 0.00437, 0.06483, 0.03626, 9445764.03%
Time spent: 36.11s
- Epoch 044, ExpID 92267
Train - Loss (one batch): 0.00408
Val - Loss, MSE, RMSE, MAE, MAPE: 0.00409, 0.00409, 0.06375, 0.03721, 9998104.28%
Test - Best epoch, Loss, MSE, RMSE, MAE, MAPE: 40, 0.00437, 0.00437, 0.06483, 0.03626, 9445764.03%
Time spent: 36.10s
- Epoch 045, ExpID 92267
Train - Loss (one batch): 0.00391
Val - Loss, MSE, RMSE, MAE, MAPE: 0.00423, 0.00423, 0.06478, 0.03773, 9637798.55%
Test - Best epoch, Loss, MSE, RMSE, MAE, MAPE: 40, 0.00437, 0.00437, 0.06483, 0.03626, 9445764.03%
Time spent: 36.01s
- Epoch 046, ExpID 92267
Train - Loss (one batch): 0.00374
Val - Loss, MSE, RMSE, MAE, MAPE: 0.00435, 0.00435, 0.06573, 0.03923, 10294072.48%
Test - Best epoch, Loss, MSE, RMSE, MAE, MAPE: 40, 0.00437, 0.00437, 0.06483, 0.03626, 9445764.03%
Time spent: 36.01s
- Epoch 047, ExpID 92267
Train - Loss (one batch): 0.00486
Val - Loss, MSE, RMSE, MAE, MAPE: 0.00430, 0.00430, 0.06536, 0.03905, 10259172.38%
Test - Best epoch, Loss, MSE, RMSE, MAE, MAPE: 40, 0.00437, 0.00437, 0.06483, 0.03626, 9445764.03%
Time spent: 36.12s
- Epoch 048, ExpID 92267
Train - Loss (one batch): 0.00327
Val - Loss, MSE, RMSE, MAE, MAPE: 0.00425, 0.00425, 0.06500, 0.03900, 9466794.50%
Test - Best epoch, Loss, MSE, RMSE, MAE, MAPE: 40, 0.00437, 0.00437, 0.06483, 0.03626, 9445764.03%
Time spent: 36.12s
- Epoch 049, ExpID 92267
Train - Loss (one batch): 0.00390
Val - Loss, MSE, RMSE, MAE, MAPE: 0.00407, 0.00407, 0.06357, 0.03633, 10505881.12%
Test - Best epoch, Loss, MSE, RMSE, MAE, MAPE: 40, 0.00437, 0.00437, 0.06483, 0.03626, 9445764.03%
Time spent: 36.09s
- Epoch 050, ExpID 92267
Train - Loss (one batch): 0.00491
Val - Loss, MSE, RMSE, MAE, MAPE: 0.00432, 0.00432, 0.06551, 0.03851, 10039981.42%
Test - Best epoch, Loss, MSE, RMSE, MAE, MAPE: 40, 0.00437, 0.00437, 0.06483, 0.03626, 9445764.03%
Time spent: 36.05s
- Epoch 051, ExpID 92267
Train - Loss (one batch): 0.00438
Val - Loss, MSE, RMSE, MAE, MAPE: 0.00444, 0.00444, 0.06640, 0.04042, 9675619.47%
Test - Best epoch, Loss, MSE, RMSE, MAE, MAPE: 40, 0.00437, 0.00437, 0.06483, 0.03626, 9445764.03%
Time spent: 36.05s
- Epoch 052, ExpID 92267
Train - Loss (one batch): 0.00318
Val - Loss, MSE, RMSE, MAE, MAPE: 0.00429, 0.00429, 0.06527, 0.03757, 10205080.60%
Test - Best epoch, Loss, MSE, RMSE, MAE, MAPE: 40, 0.00437, 0.00437, 0.06483, 0.03626, 9445764.03%
Time spent: 36.08s
- Epoch 053, ExpID 92267
Train - Loss (one batch): 0.00376
Val - Loss, MSE, RMSE, MAE, MAPE: 0.00446, 0.00446, 0.06657, 0.04049, 10134608.26%
Test - Best epoch, Loss, MSE, RMSE, MAE, MAPE: 40, 0.00437, 0.00437, 0.06483, 0.03626, 9445764.03%
Time spent: 36.10s
- Epoch 054, ExpID 92267
Train - Loss (one batch): 0.00417
Val - Loss, MSE, RMSE, MAE, MAPE: 0.00476, 0.00476, 0.06877, 0.04254, 10329514.17%
Test - Best epoch, Loss, MSE, RMSE, MAE, MAPE: 40, 0.00437, 0.00437, 0.06483, 0.03626, 9445764.03%
Time spent: 36.08s
- Epoch 055, ExpID 92267
Train - Loss (one batch): 0.00256
Val - Loss, MSE, RMSE, MAE, MAPE: 0.00416, 0.00416, 0.06423, 0.03693, 11078160.20%
Test - Best epoch, Loss, MSE, RMSE, MAE, MAPE: 40, 0.00437, 0.00437, 0.06483, 0.03626, 9445764.03%
Time spent: 36.08s
- Epoch 056, ExpID 92267
Train - Loss (one batch): 0.00367
Val - Loss, MSE, RMSE, MAE, MAPE: 0.00439, 0.00439, 0.06603, 0.03915, 9563597.69%
Test - Best epoch, Loss, MSE, RMSE, MAE, MAPE: 40, 0.00437, 0.00437, 0.06483, 0.03626, 9445764.03%
Time spent: 36.03s
- Epoch 057, ExpID 92267
Train - Loss (one batch): 0.00461
Val - Loss, MSE, RMSE, MAE, MAPE: 0.00415, 0.00415, 0.06421, 0.03726, 9807059.64%
Test - Best epoch, Loss, MSE, RMSE, MAE, MAPE: 40, 0.00437, 0.00437, 0.06483, 0.03626, 9445764.03%
Time spent: 36.08s
- Epoch 058, ExpID 92267
Train - Loss (one batch): 0.00488
Val - Loss, MSE, RMSE, MAE, MAPE: 0.00418, 0.00418, 0.06446, 0.03814, 9817239.15%
Test - Best epoch, Loss, MSE, RMSE, MAE, MAPE: 40, 0.00437, 0.00437, 0.06483, 0.03626, 9445764.03%
Time spent: 36.06s
- Epoch 059, ExpID 92267
Train - Loss (one batch): 0.00294
Val - Loss, MSE, RMSE, MAE, MAPE: 0.00413, 0.00413, 0.06401, 0.03658, 9823345.91%
Test - Best epoch, Loss, MSE, RMSE, MAE, MAPE: 40, 0.00437, 0.00437, 0.06483, 0.03626, 9445764.03%
Time spent: 36.08s
- Epoch 060, ExpID 92267
Train - Loss (one batch): 0.00432
Val - Loss, MSE, RMSE, MAE, MAPE: 0.00429, 0.00429, 0.06523, 0.03849, 10269791.80%
Test - Best epoch, Loss, MSE, RMSE, MAE, MAPE: 40, 0.00437, 0.00437, 0.06483, 0.03626, 9445764.03%
Time spent: 36.03s
- Epoch 061, ExpID 92267
Train - Loss (one batch): 0.00372
Val - Loss, MSE, RMSE, MAE, MAPE: 0.00419, 0.00419, 0.06448, 0.03730, 9408214.77%
Test - Best epoch, Loss, MSE, RMSE, MAE, MAPE: 40, 0.00437, 0.00437, 0.06483, 0.03626, 9445764.03%
Time spent: 36.09s
- Epoch 062, ExpID 92267
Train - Loss (one batch): 0.00370
Val - Loss, MSE, RMSE, MAE, MAPE: 0.00437, 0.00437, 0.06585, 0.03936, 9598684.93%
Test - Best epoch, Loss, MSE, RMSE, MAE, MAPE: 40, 0.00437, 0.00437, 0.06483, 0.03626, 9445764.03%
Time spent: 36.07s
- Epoch 063, ExpID 92267
Train - Loss (one batch): 0.00341
Val - Loss, MSE, RMSE, MAE, MAPE: 0.00422, 0.00422, 0.06476, 0.03768, 10177590.39%
Test - Best epoch, Loss, MSE, RMSE, MAE, MAPE: 40, 0.00437, 0.00437, 0.06483, 0.03626, 9445764.03%
Time spent: 36.10s
- Epoch 064, ExpID 92267
Train - Loss (one batch): 0.00415
Val - Loss, MSE, RMSE, MAE, MAPE: 0.00501, 0.00501, 0.07061, 0.04497, 9413774.19%
Test - Best epoch, Loss, MSE, RMSE, MAE, MAPE: 40, 0.00437, 0.00437, 0.06483, 0.03626, 9445764.03%
Time spent: 36.02s
- Epoch 065, ExpID 92267
Train - Loss (one batch): 0.00440
Val - Loss, MSE, RMSE, MAE, MAPE: 0.00413, 0.00413, 0.06404, 0.03612, 9229502.46%
Test - Best epoch, Loss, MSE, RMSE, MAE, MAPE: 40, 0.00437, 0.00437, 0.06483, 0.03626, 9445764.03%
Time spent: 36.12s
- Epoch 066, ExpID 92267
Train - Loss (one batch): 0.00362
Val - Loss, MSE, RMSE, MAE, MAPE: 0.00442, 0.00442, 0.06622, 0.03898, 9962001.51%
Test - Best epoch, Loss, MSE, RMSE, MAE, MAPE: 40, 0.00437, 0.00437, 0.06483, 0.03626, 9445764.03%
Time spent: 36.09s
- Epoch 067, ExpID 92267
Train - Loss (one batch): 0.00391
Val - Loss, MSE, RMSE, MAE, MAPE: 0.00464, 0.00464, 0.06791, 0.04157, 9696706.35%
Test - Best epoch, Loss, MSE, RMSE, MAE, MAPE: 40, 0.00437, 0.00437, 0.06483, 0.03626, 9445764.03%
Time spent: 36.05s
- Epoch 068, ExpID 92267
Train - Loss (one batch): 0.00295
Val - Loss, MSE, RMSE, MAE, MAPE: 0.00462, 0.00462, 0.06778, 0.04118, 9633861.63%
Test - Best epoch, Loss, MSE, RMSE, MAE, MAPE: 40, 0.00437, 0.00437, 0.06483, 0.03626, 9445764.03%
Time spent: 36.07s
- Epoch 069, ExpID 92267
Train - Loss (one batch): 0.00440
Val - Loss, MSE, RMSE, MAE, MAPE: 0.00419, 0.00419, 0.06448, 0.03671, 8797774.30%
Test - Best epoch, Loss, MSE, RMSE, MAE, MAPE: 40, 0.00437, 0.00437, 0.06483, 0.03626, 9445764.03%
Time spent: 36.10s
- Epoch 070, ExpID 92267
Train - Loss (one batch): 0.00301
Val - Loss, MSE, RMSE, MAE, MAPE: 0.00436, 0.00436, 0.06572, 0.03785, 9714805.05%
Test - Best epoch, Loss, MSE, RMSE, MAE, MAPE: 40, 0.00437, 0.00437, 0.06483, 0.03626, 9445764.03%
Time spent: 36.10s
- Epoch 071, ExpID 92267
Train - Loss (one batch): 0.00365
Val - Loss, MSE, RMSE, MAE, MAPE: 0.00419, 0.00419, 0.06446, 0.03668, 9200401.93%
Test - Best epoch, Loss, MSE, RMSE, MAE, MAPE: 40, 0.00437, 0.00437, 0.06483, 0.03626, 9445764.03%
Time spent: 36.00s
- Epoch 072, ExpID 92267
Train - Loss (one batch): 0.00311
Val - Loss, MSE, RMSE, MAE, MAPE: 0.00412, 0.00412, 0.06392, 0.03606, 9223350.43%
Test - Best epoch, Loss, MSE, RMSE, MAE, MAPE: 40, 0.00437, 0.00437, 0.06483, 0.03626, 9445764.03%
Time spent: 36.12s
- Epoch 073, ExpID 92267
Train - Loss (one batch): 0.00488
Val - Loss, MSE, RMSE, MAE, MAPE: 0.00446, 0.00446, 0.06655, 0.03938, 9519737.33%
Test - Best epoch, Loss, MSE, RMSE, MAE, MAPE: 40, 0.00437, 0.00437, 0.06483, 0.03626, 9445764.03%
Time spent: 36.06s
- Epoch 074, ExpID 92267
Train - Loss (one batch): 0.00407
Val - Loss, MSE, RMSE, MAE, MAPE: 0.00440, 0.00440, 0.06612, 0.03948, 9156129.32%
Test - Best epoch, Loss, MSE, RMSE, MAE, MAPE: 40, 0.00437, 0.00437, 0.06483, 0.03626, 9445764.03%
Time spent: 36.14s
- Epoch 075, ExpID 92267
Train - Loss (one batch): 0.00331
Val - Loss, MSE, RMSE, MAE, MAPE: 0.00492, 0.00492, 0.06990, 0.04186, 9984361.69%
Test - Best epoch, Loss, MSE, RMSE, MAE, MAPE: 40, 0.00437, 0.00437, 0.06483, 0.03626, 9445764.03%
Time spent: 36.10s
- Epoch 076, ExpID 92267
Train - Loss (one batch): 0.00460
Val - Loss, MSE, RMSE, MAE, MAPE: 0.00409, 0.00409, 0.06366, 0.03601, 9261711.91%
Test - Best epoch, Loss, MSE, RMSE, MAE, MAPE: 40, 0.00437, 0.00437, 0.06483, 0.03626, 9445764.03%
Time spent: 36.06s
- Epoch 077, ExpID 92267
Train - Loss (one batch): 0.00377
Val - Loss, MSE, RMSE, MAE, MAPE: 0.00421, 0.00421, 0.06461, 0.03755, 10016663.96%
Test - Best epoch, Loss, MSE, RMSE, MAE, MAPE: 40, 0.00437, 0.00437, 0.06483, 0.03626, 9445764.03%
Time spent: 36.07s
- Epoch 078, ExpID 92267
Train - Loss (one batch): 0.00400
Val - Loss, MSE, RMSE, MAE, MAPE: 0.00431, 0.00431, 0.06539, 0.03843, 9410543.86%
Test - Best epoch, Loss, MSE, RMSE, MAE, MAPE: 40, 0.00437, 0.00437, 0.06483, 0.03626, 9445764.03%
Time spent: 36.10s
- Epoch 079, ExpID 92267
Train - Loss (one batch): 0.00356
Val - Loss, MSE, RMSE, MAE, MAPE: 0.00421, 0.00421, 0.06465, 0.03739, 9117555.53%
Test - Best epoch, Loss, MSE, RMSE, MAE, MAPE: 40, 0.00437, 0.00437, 0.06483, 0.03626, 9445764.03%
Time spent: 36.08s
- Epoch 080, ExpID 92267
Train - Loss (one batch): 0.00339
Val - Loss, MSE, RMSE, MAE, MAPE: 0.00454, 0.00454, 0.06715, 0.03924, 9278107.28%
Test - Best epoch, Loss, MSE, RMSE, MAE, MAPE: 40, 0.00437, 0.00437, 0.06483, 0.03626, 9445764.03%
Time spent: 36.04s
- Epoch 081, ExpID 92267
Train - Loss (one batch): 0.00284
Val - Loss, MSE, RMSE, MAE, MAPE: 0.00418, 0.00418, 0.06438, 0.03719, 9581618.14%
Test - Best epoch, Loss, MSE, RMSE, MAE, MAPE: 40, 0.00437, 0.00437, 0.06483, 0.03626, 9445764.03%
Time spent: 36.01s
- Epoch 082, ExpID 92267
Train - Loss (one batch): 0.00348
Val - Loss, MSE, RMSE, MAE, MAPE: 0.00477, 0.00477, 0.06881, 0.04164, 9747491.08%
Test - Best epoch, Loss, MSE, RMSE, MAE, MAPE: 40, 0.00437, 0.00437, 0.06483, 0.03626, 9445764.03%
Time spent: 36.06s
- Epoch 083, ExpID 92267
Train - Loss (one batch): 0.00211
Val - Loss, MSE, RMSE, MAE, MAPE: 0.00426, 0.00426, 0.06504, 0.03743, 10282129.31%
Test - Best epoch, Loss, MSE, RMSE, MAE, MAPE: 40, 0.00437, 0.00437, 0.06483, 0.03626, 9445764.03%
Time spent: 36.11s
- Epoch 084, ExpID 92267
Train - Loss (one batch): 0.00345
Val - Loss, MSE, RMSE, MAE, MAPE: 0.00413, 0.00413, 0.06403, 0.03599, 9444068.67%
Test - Best epoch, Loss, MSE, RMSE, MAE, MAPE: 40, 0.00437, 0.00437, 0.06483, 0.03626, 9445764.03%
Time spent: 36.07s
- Epoch 085, ExpID 92267
Train - Loss (one batch): 0.00415
Val - Loss, MSE, RMSE, MAE, MAPE: 0.00424, 0.00424, 0.06486, 0.03714, 9235438.33%
Test - Best epoch, Loss, MSE, RMSE, MAE, MAPE: 40, 0.00437, 0.00437, 0.06483, 0.03626, 9445764.03%
Time spent: 36.03s
- Epoch 086, ExpID 92267
Train - Loss (one batch): 0.00302
Val - Loss, MSE, RMSE, MAE, MAPE: 0.00441, 0.00441, 0.06613, 0.03940, 10002532.79%
Test - Best epoch, Loss, MSE, RMSE, MAE, MAPE: 40, 0.00437, 0.00437, 0.06483, 0.03626, 9445764.03%
Time spent: 35.98s
- Epoch 087, ExpID 92267
Train - Loss (one batch): 0.00309
Val - Loss, MSE, RMSE, MAE, MAPE: 0.00422, 0.00422, 0.06471, 0.03760, 9377365.95%
Test - Best epoch, Loss, MSE, RMSE, MAE, MAPE: 40, 0.00437, 0.00437, 0.06483, 0.03626, 9445764.03%
Time spent: 35.95s
- Epoch 088, ExpID 92267
Train - Loss (one batch): 0.00474
Val - Loss, MSE, RMSE, MAE, MAPE: 0.00448, 0.00448, 0.06666, 0.03862, 10018839.63%
Test - Best epoch, Loss, MSE, RMSE, MAE, MAPE: 40, 0.00437, 0.00437, 0.06483, 0.03626, 9445764.03%
Time spent: 36.05s
- Epoch 089, ExpID 92267
Train - Loss (one batch): 0.00274
Val - Loss, MSE, RMSE, MAE, MAPE: 0.00434, 0.00434, 0.06561, 0.03817, 9451757.51%
Test - Best epoch, Loss, MSE, RMSE, MAE, MAPE: 40, 0.00437, 0.00437, 0.06483, 0.03626, 9445764.03%
Time spent: 36.02s
- Epoch 090, ExpID 92267
Train - Loss (one batch): 0.00210
Val - Loss, MSE, RMSE, MAE, MAPE: 0.00431, 0.00431, 0.06544, 0.03756, 9612169.06%
Test - Best epoch, Loss, MSE, RMSE, MAE, MAPE: 40, 0.00437, 0.00437, 0.06483, 0.03626, 9445764.03%
Time spent: 36.04s
- Epoch 091, ExpID 92267
Train - Loss (one batch): 0.00322
Val - Loss, MSE, RMSE, MAE, MAPE: 0.00431, 0.00431, 0.06544, 0.03767, 9352140.44%
Test - Best epoch, Loss, MSE, RMSE, MAE, MAPE: 40, 0.00437, 0.00437, 0.06483, 0.03626, 9445764.03%
Time spent: 35.99s
- Epoch 092, ExpID 92267
Train - Loss (one batch): 0.00343
Val - Loss, MSE, RMSE, MAE, MAPE: 0.00430, 0.00430, 0.06528, 0.03699, 10231954.21%
Test - Best epoch, Loss, MSE, RMSE, MAE, MAPE: 40, 0.00437, 0.00437, 0.06483, 0.03626, 9445764.03%
Time spent: 36.03s
- Epoch 093, ExpID 92267
Train - Loss (one batch): 0.00337
Val - Loss, MSE, RMSE, MAE, MAPE: 0.00430, 0.00430, 0.06530, 0.03707, 9261966.53%
Test - Best epoch, Loss, MSE, RMSE, MAE, MAPE: 40, 0.00437, 0.00437, 0.06483, 0.03626, 9445764.03%
Time spent: 36.06s
- Epoch 094, ExpID 92267
Train - Loss (one batch): 0.00322
Val - Loss, MSE, RMSE, MAE, MAPE: 0.00419, 0.00419, 0.06446, 0.03678, 9394149.67%
Test - Best epoch, Loss, MSE, RMSE, MAE, MAPE: 40, 0.00437, 0.00437, 0.06483, 0.03626, 9445764.03%
Time spent: 36.03s
- Epoch 095, ExpID 92267
Train - Loss (one batch): 0.00329
Val - Loss, MSE, RMSE, MAE, MAPE: 0.00429, 0.00429, 0.06528, 0.03786, 9560466.20%
Test - Best epoch, Loss, MSE, RMSE, MAE, MAPE: 40, 0.00437, 0.00437, 0.06483, 0.03626, 9445764.03%
Time spent: 36.03s
- Epoch 096, ExpID 92267
Train - Loss (one batch): 0.00383
Val - Loss, MSE, RMSE, MAE, MAPE: 0.00420, 0.00420, 0.06456, 0.03660, 9328652.65%
Test - Best epoch, Loss, MSE, RMSE, MAE, MAPE: 40, 0.00437, 0.00437, 0.06483, 0.03626, 9445764.03%
Time spent: 36.08s
- Epoch 097, ExpID 92267
Train - Loss (one batch): 0.00319
Val - Loss, MSE, RMSE, MAE, MAPE: 0.00413, 0.00413, 0.06403, 0.03614, 9651281.99%
Test - Best epoch, Loss, MSE, RMSE, MAE, MAPE: 40, 0.00437, 0.00437, 0.06483, 0.03626, 9445764.03%
Time spent: 35.99s
- Epoch 098, ExpID 92267
Train - Loss (one batch): 0.00314
Val - Loss, MSE, RMSE, MAE, MAPE: 0.00434, 0.00434, 0.06565, 0.03813, 8830800.60%
Test - Best epoch, Loss, MSE, RMSE, MAE, MAPE: 40, 0.00437, 0.00437, 0.06483, 0.03626, 9445764.03%
Time spent: 35.99s
- Epoch 099, ExpID 92267
Train - Loss (one batch): 0.00290
Val - Loss, MSE, RMSE, MAE, MAPE: 0.00460, 0.00460, 0.06762, 0.04039, 9147960.74%
Test - Best epoch, Loss, MSE, RMSE, MAE, MAPE: 40, 0.00437, 0.00437, 0.06483, 0.03626, 9445764.03%
Time spent: 36.08s
- Epoch 100, ExpID 92267
Train - Loss (one batch): 0.00348
Val - Loss, MSE, RMSE, MAE, MAPE: 0.00415, 0.00415, 0.06417, 0.03655, 9796171.82%
Test - Best epoch, Loss, MSE, RMSE, MAE, MAPE: 40, 0.00437, 0.00437, 0.06483, 0.03626, 9445764.03%
Time spent: 35.98s
